Archive member included to satisfy reference by file (symbol)

c:/intelfpga/18.1/nios2eds/bin/gnu/h-x86_64-mingw32/bin/../lib/gcc/nios2-elf/5.3.0/../../../../../H-x86_64-mingw32/nios2-elf/lib/mno-hw-mul\libsmallc.a(lib_a-memmove.o)
                              obj/default/tcp_socket.o (memmove)
c:/intelfpga/18.1/nios2eds/bin/gnu/h-x86_64-mingw32/bin/../lib/gcc/nios2-elf/5.3.0/../../../../../H-x86_64-mingw32/nios2-elf/lib/mno-hw-mul\libsmallc.a(lib_a-strncmp.o)
                              obj/default/tcp_socket.o (strncmp)
../tcp_webserver_bsp/\libhal_bsp.a(alt_iic.o)
                              obj/default/tcp_socket.o (alt_ic_isr_register)
../tcp_webserver_bsp/\libhal_bsp.a(alt_iic_isr_register.o)
                              ../tcp_webserver_bsp/\libhal_bsp.a(alt_iic.o) (alt_iic_isr_register)
../tcp_webserver_bsp/\libhal_bsp.a(alt_irq_entry.o)
                              ../tcp_webserver_bsp/\libhal_bsp.a(alt_iic_isr_register.o) (alt_irq_entry)
../tcp_webserver_bsp/\libhal_bsp.a(alt_irq_handler.o)
                              ../tcp_webserver_bsp/\libhal_bsp.a(alt_iic_isr_register.o) (alt_irq)
../tcp_webserver_bsp/\libhal_bsp.a(alt_irq_vars.o)
                              ../tcp_webserver_bsp/\libhal_bsp.a(alt_iic.o) (alt_irq_active)
../tcp_webserver_bsp/\libhal_bsp.a(alt_load.o)
                              ../tcp_webserver_bsp//obj/HAL/src/crt0.o (alt_load)
../tcp_webserver_bsp/\libhal_bsp.a(alt_main.o)
                              ../tcp_webserver_bsp//obj/HAL/src/crt0.o (alt_main)
../tcp_webserver_bsp/\libhal_bsp.a(alt_sys_init.o)
                              ../tcp_webserver_bsp/\libhal_bsp.a(alt_main.o) (alt_irq_init)
../tcp_webserver_bsp/\libhal_bsp.a(altera_avalon_jtag_uart_fd.o)
                              ../tcp_webserver_bsp/\libhal_bsp.a(alt_sys_init.o) (altera_avalon_jtag_uart_read_fd)
../tcp_webserver_bsp/\libhal_bsp.a(altera_avalon_jtag_uart_read.o)
                              ../tcp_webserver_bsp/\libhal_bsp.a(altera_avalon_jtag_uart_fd.o) (altera_avalon_jtag_uart_read)
../tcp_webserver_bsp/\libhal_bsp.a(altera_avalon_jtag_uart_write.o)
                              ../tcp_webserver_bsp/\libhal_bsp.a(altera_avalon_jtag_uart_fd.o) (altera_avalon_jtag_uart_write)
../tcp_webserver_bsp/\libhal_bsp.a(altera_avalon_lcd_16207.o)
                              obj/default/tcp_webserver.o (altera_avalon_lcd_16207_write)
../tcp_webserver_bsp/\libhal_bsp.a(altera_avalon_sgdma.o)
                              obj/default/tcp_socket.o (alt_avalon_sgdma_do_async_transfer)
../tcp_webserver_bsp/\libhal_bsp.a(altera_avalon_timer_sc.o)
                              ../tcp_webserver_bsp/\libhal_bsp.a(alt_sys_init.o) (alt_avalon_timer_sc_init)
../tcp_webserver_bsp/\libhal_bsp.a(alt_alarm_start.o)
                              ../tcp_webserver_bsp/\libhal_bsp.a(altera_avalon_lcd_16207.o) (alt_alarm_start)
../tcp_webserver_bsp/\libhal_bsp.a(alt_close.o)
                              ../tcp_webserver_bsp/\libhal_bsp.a(alt_main.o) (close)
../tcp_webserver_bsp/\libhal_bsp.a(alt_dcache_flush.o)
                              ../tcp_webserver_bsp/\libhal_bsp.a(altera_avalon_sgdma.o) (alt_dcache_flush)
../tcp_webserver_bsp/\libhal_bsp.a(alt_dcache_flush_all.o)
                              ../tcp_webserver_bsp/\libhal_bsp.a(alt_load.o) (alt_dcache_flush_all)
../tcp_webserver_bsp/\libhal_bsp.a(alt_dev.o)
                              ../tcp_webserver_bsp/\libhal_bsp.a(alt_sys_init.o) (alt_dev_list)
../tcp_webserver_bsp/\libhal_bsp.a(alt_dev_llist_insert.o)
                              ../tcp_webserver_bsp/\libhal_bsp.a(alt_sys_init.o) (alt_dev_llist_insert)
../tcp_webserver_bsp/\libhal_bsp.a(alt_do_ctors.o)
                              ../tcp_webserver_bsp/\libhal_bsp.a(alt_main.o) (_do_ctors)
../tcp_webserver_bsp/\libhal_bsp.a(alt_do_dtors.o)
                              ../tcp_webserver_bsp/\libhal_bsp.a(alt_main.o) (_do_dtors)
../tcp_webserver_bsp/\libhal_bsp.a(alt_errno.o)
                              ../tcp_webserver_bsp/\libhal_bsp.a(altera_avalon_sgdma.o) (alt_errno)
../tcp_webserver_bsp/\libhal_bsp.a(alt_exception_entry.o)
                              ../tcp_webserver_bsp/\libhal_bsp.a(alt_irq_entry.o) (alt_exception)
../tcp_webserver_bsp/\libhal_bsp.a(alt_find_dev.o)
                              ../tcp_webserver_bsp/\libhal_bsp.a(altera_avalon_sgdma.o) (alt_find_dev)
../tcp_webserver_bsp/\libhal_bsp.a(alt_icache_flush_all.o)
                              ../tcp_webserver_bsp/\libhal_bsp.a(alt_load.o) (alt_icache_flush_all)
../tcp_webserver_bsp/\libhal_bsp.a(alt_instruction_exception_entry.o)
                              ../tcp_webserver_bsp/\libhal_bsp.a(alt_exception_entry.o) (alt_instruction_exception_entry)
../tcp_webserver_bsp/\libhal_bsp.a(alt_io_redirect.o)
                              ../tcp_webserver_bsp/\libhal_bsp.a(alt_main.o) (alt_io_redirect)
../tcp_webserver_bsp/\libhal_bsp.a(alt_open.o)
[...]
Memory Configuration

Name             Origin             Length             Attributes
sram_cntrlr_0    0x0000000000000000 0x0000000000200000
reset            0x0000000000208000 0x0000000000000020
onchip_memory2_0 0x0000000000208020 0x0000000000007fe0
descriptor_memory 0x0000000000210000 0x0000000000001000
*default*        0x0000000000000000 0xffffffffffffffff

Linker script and memory map

LOAD ../tcp_webserver_bsp//obj/HAL/src/crt0.o
LOAD obj/default/tcp_socket.o
LOAD obj/default/tcp_webserver.o
LOAD c:/intelfpga/18.1/nios2eds/bin/gnu/h-x86_64-mingw32/bin/../lib/gcc/nios2-elf/5.3.0/../../../../../H-x86_64-mingw32/nios2-elf/lib/mno-hw-mul\libstdc++.a
LOAD c:/intelfpga/18.1/nios2eds/bin/gnu/h-x86_64-mingw32/bin/../lib/gcc/nios2-elf/5.3.0/../../../../../H-x86_64-mingw32/nios2-elf/lib/mno-hw-mul\libm.a
LOAD c:/intelfpga/18.1/nios2eds/bin/gnu/h-x86_64-mingw32/bin/../lib/gcc/nios2-elf/5.3.0/mno-hw-mul\libgcc.a
START GROUP
LOAD c:/intelfpga/18.1/nios2eds/bin/gnu/h-x86_64-mingw32/bin/../lib/gcc/nios2-elf/5.3.0/../../../../../H-x86_64-mingw32/nios2-elf/lib/mno-hw-mul\libsmallc.a
LOAD c:/intelfpga/18.1/nios2eds/bin/gnu/h-x86_64-mingw32/bin/../lib/gcc/nios2-elf/5.3.0/mno-hw-mul\libgcc.a
LOAD ../tcp_webserver_bsp/\libhal_bsp.a
LOAD c:/intelfpga/18.1/nios2eds/bin/gnu/h-x86_64-mingw32/bin/../lib/gcc/nios2-elf/5.3.0/../../../../../H-x86_64-mingw32/nios2-elf/lib/mno-hw-mul\libm.a
END GROUP
LOAD c:/intelfpga/18.1/nios2eds/bin/gnu/h-x86_64-mingw32/bin/../lib/gcc/nios2-elf/5.3.0/mno-hw-mul\libgcc.a
                0x0000000000000000                __alt_mem_sram_cntrlr_0 = 0x0
                0x0000000000208000                __alt_mem_onchip_memory2_0 = 0x208000
                0x0000000000210000                __alt_mem_descriptor_memory = 0x210000

.entry          0x0000000000208000       0x20
 *(.entry)
 .entry         0x0000000000208000       0x20 ../tcp_webserver_bsp//obj/HAL/src/crt0.o
                0x0000000000208000                __reset

.exceptions     0x0000000000208020      0x210
                0x0000000000208020                PROVIDE (__ram_exceptions_start, ABSOLUTE (.))
                0x0000000000208020                . = ALIGN (0x20)
 *(.irq)
 *(.exceptions.entry.label)
 .exceptions.entry.label
                0x0000000000208020        0x0 ../tcp_webserver_bsp/\libhal_bsp.a(alt_irq_entry.o)
                0x0000000000208020                alt_irq_entry
 .exceptions.entry.label
                0x0000000000208020        0x0 ../tcp_webserver_bsp/\libhal_bsp.a(alt_exception_entry.o)
                0x0000000000208020                alt_exception
 *(.exceptions.entry.user)
 *(.exceptions.entry.ecc_fatal)
 *(.exceptions.entry)
 .exceptions.entry
                0x0000000000208020       0x54 ../tcp_webserver_bsp/\libhal_bsp.a(alt_exception_entry.o)
 *(.exceptions.irqtest.user)
 *(.exceptions.irqtest)
 .exceptions.irqtest
                0x0000000000208074       0x10 ../tcp_webserver_bsp/\libhal_bsp.a(alt_irq_entry.o)
 *(.exceptions.irqhandler.user)
 *(.exceptions.irqhandler)
 .exceptions.irqhandler
                0x0000000000208084        0x4 ../tcp_webserver_bsp/\libhal_bsp.a(alt_irq_entry.o)
 *(.exceptions.irqreturn.user)
 *(.exceptions.irqreturn)
 .exceptions.irqreturn
                0x0000000000208088        0x4 ../tcp_webserver_bsp/\libhal_bsp.a(alt_irq_entry.o)
 *(.exceptions.notirq.label)
 .exceptions.notirq.label
                0x000000000020808c        0x0 ../tcp_webserver_bsp/\libhal_bsp.a(alt_irq_entry.o)
 *(.exceptions.notirq.user)
 *(.exceptions.notirq)
 .exceptions.notirq
                0x000000000020808c        0x8 ../tcp_webserver_bsp/\libhal_bsp.a(alt_exception_entry.o)
 *(.exceptions.soft.user)
 *(.exceptions.soft)
 *(.exceptions.unknown.user)
 *(.exceptions.unknown)
 .exceptions.unknown
                0x0000000000208094       0x14 ../tcp_webserver_bsp/\libhal_bsp.a(alt_exception_entry.o)
 *(.exceptions.exit.label)
 .exceptions.exit.label
                0x00000000002080a8        0x0 ../tcp_webserver_bsp/\libhal_bsp.a(alt_irq_entry.o)
 .exceptions.exit.label
                0x00000000002080a8        0x0 ../tcp_webserver_bsp/\libhal_bsp.a(alt_exception_entry.o)
 *(.exceptions.exit.user)
 *(.exceptions.exit)
 .exceptions.exit
                0x00000000002080a8       0x54 ../tcp_webserver_bsp/\libhal_bsp.a(alt_exception_entry.o)
 *(.exceptions)
 .exceptions    0x00000000002080fc       0xd4 ../tcp_webserver_bsp/\libhal_bsp.a(alt_irq_handler.o)
                0x00000000002080fc                alt_irq_handler
 .exceptions    0x00000000002081d0       0x60 ../tcp_webserver_bsp/\libhal_bsp.a(alt_instruction_exception_entry.o)
                0x00000000002081d0                alt_instruction_exception_entry
                0x0000000000208230                PROVIDE (__ram_exceptions_end, ABSOLUTE (.))
                0x0000000000208020                PROVIDE (__flash_exceptions_start, LOADADDR (.exceptions))

.text           0x0000000000208230     0x55d4
                [!provide]                        PROVIDE (stext, ABSOLUTE (.))
 *(.interp)
 *(.hash)
 *(.dynsym)
 *(.dynstr)
 *(.gnu.version)
 *(.gnu.version_d)
 *(.gnu.version_r)
 *(.rel.init)
 *(.rela.init)
 *(.rel.text .rel.text.* .rel.gnu.linkonce.t.*)
 *(.rela.text .rela.text.* .rela.gnu.linkonce.t.*)
 *(.rel.fini)
 *(.rela.fini)
 *(.rel.rodata .rel.rodata.* .rel.gnu.linkonce.r.*)
 *(.rela.rodata .rela.rodata.* .rela.gnu.linkonce.r.*)
 *(.rel.data .rel.data.* .rel.gnu.linkonce.d.*)
 *(.rela.data .rela.data.* .rela.gnu.linkonce.d.*)
 *(.rel.tdata .rel.tdata.* .rel.gnu.linkonce.td.*)
 *(.rela.tdata .rela.tdata.* .rela.gnu.linkonce.td.*)
 *(.rel.tbss .rel.tbss.* .rel.gnu.linkonce.tb.*)
 *(.rela.tbss .rela.tbss.* .rela.gnu.linkonce.tb.*)
 *(.rel.ctors)
 *(.rela.ctors)
 *(.rel.dtors)
 *(.rela.dtors)
 *(.rel.got)
 *(.rela.got)
 *(.rel.sdata .rel.sdata.* .rel.gnu.linkonce.s.*)
 *(.rela.sdata .rela.sdata.* .rela.gnu.linkonce.s.*)
 *(.rel.sbss .rel.sbss.* .rel.gnu.linkonce.sb.*)
 *(.rela.sbss .rela.sbss.* .rela.gnu.linkonce.sb.*)
 *(.rel.sdata2 .rel.sdata2.* .rel.gnu.linkonce.s2.*)
 *(.rela.sdata2 .rela.sdata2.* .rela.gnu.linkonce.s2.*)
 *(.rel.sbss2 .rel.sbss2.* .rel.gnu.linkonce.sb2.*)
 *(.rela.sbss2 .rela.sbss2.* .rela.gnu.linkonce.sb2.*)
 *(.rel.bss .rel.bss.* .rel.gnu.linkonce.b.*)
 *(.rela.bss .rela.bss.* .rela.gnu.linkonce.b.*)
 *(.rel.plt)
 *(.rela.plt)
 *(.rel.dyn)
 *(.init)
 *(.plt)
 *(.text .stub .text.* .gnu.linkonce.t.*)
 .text          0x0000000000208230       0x3c ../tcp_webserver_bsp//obj/HAL/src/crt0.o
                0x0000000000208230                _start
 .text          0x000000000020826c     0x1740 obj/default/tcp_socket.o
                0x000000000020826c                add_phy_to_profile
                0x000000000020828c                tse_init
                0x0000000000208498                send_packet
                0x000000000020852c                sgdma_int_en
                0x00000000002085a8                checkmac
                0x0000000000208664                check_tcp_sender_ip
                0x0000000000208700                get_seq_num
                0x0000000000208768                check_checksumm
                0x0000000000208788                get_payload_len
                0x0000000000208820                ack_check
                0x000000000020893c                rx_ethernet_isr
                0x0000000000209170                timeout_isr
                0x000000000020938c                timer_int_en
                0x0000000000209418                get_ipv4_checksumm
                0x00000000002094fc                get_tcp_checksumm
                0x00000000002096dc                create_tcp_pkt
 .text          0x00000000002099ac      0x3b0 obj/default/tcp_webserver.o
                0x00000000002099ac                main
                0x0000000000209b50                get_command
 .text          0x0000000000209d5c        0x0 c:/intelfpga/18.1/nios2eds/bin/gnu/h-x86_64-mingw32/bin/../lib/gcc/nios2-elf/5.3.0/../../../../../H-x86_64-mingw32/nios2-elf/lib/mno-hw-mul\libsmallc.a(lib_a-memmove.o)
 .text.memmove  0x0000000000209d5c       0x60 c:/intelfpga/18.1/nios2eds/bin/gnu/h-x86_64-mingw32/bin/../lib/gcc/nios2-elf/5.3.0/../../../../../H-x86_64-mingw32/nios2-elf/lib/mno-hw-mul\libsmallc.a(lib_a-memmove.o)
                0x0000000000209d5c                memmove
 .text          0x0000000000209dbc        0x0 c:/intelfpga/18.1/nios2eds/bin/gnu/h-x86_64-mingw32/bin/../lib/gcc/nios2-elf/5.3.0/../../../../../H-x86_64-mingw32/nios2-elf/lib/mno-hw-mul\libsmallc.a(lib_a-strncmp.o)
 .text.strncmp  0x0000000000209dbc       0x60 c:/intelfpga/18.1/nios2eds/bin/gnu/h-x86_64-mingw32/bin/../lib/gcc/nios2-elf/5.3.0/../../../../../H-x86_64-mingw32/nios2-elf/lib/mno-hw-mul\libsmallc.a(lib_a-strncmp.o)
                0x0000000000209dbc                strncmp
 .text          0x0000000000209e1c      0x1b0 ../tcp_webserver_bsp/\libhal_bsp.a(alt_iic.o)
                0x0000000000209e1c                alt_ic_isr_register
                0x0000000000209e6c                alt_ic_irq_enable
                0x0000000000209ef4                alt_ic_irq_disable
                0x0000000000209f80                alt_ic_irq_enabled
 .text          0x0000000000209fcc       0xf0 ../tcp_webserver_bsp/\libhal_bsp.a(alt_iic_isr_register.o)
                0x0000000000209fcc                alt_iic_isr_register
 .text          0x000000000020a0bc        0x0 ../tcp_webserver_bsp/\libhal_bsp.a(alt_irq_entry.o)
 .text          0x000000000020a0bc        0x0 ../tcp_webserver_bsp/\libhal_bsp.a(alt_irq_handler.o)
 .text          0x000000000020a0bc        0x0 ../tcp_webserver_bsp/\libhal_bsp.a(alt_irq_vars.o)
 .text          0x000000000020a0bc       0xec ../tcp_webserver_bsp/\libhal_bsp.a(alt_load.o)
                0x000000000020a124                alt_load
 .text          0x000000000020a1a8       0x7c ../tcp_webserver_bsp/\libhal_bsp.a(alt_main.o)
                0x000000000020a1a8                alt_main
 .text          0x000000000020a224       0xe8 ../tcp_webserver_bsp/\libhal_bsp.a(alt_sys_init.o)
                0x000000000020a258                alt_irq_init
                0x000000000020a290                alt_sys_init
 .text          0x000000000020a30c       0xc0 ../tcp_webserver_bsp/\libhal_bsp.a(altera_avalon_jtag_uart_fd.o)
                0x000000000020a30c                altera_avalon_jtag_uart_read_fd
                0x000000000020a36c                altera_avalon_jtag_uart_write_fd
 .text          0x000000000020a3cc       0xec ../tcp_webserver_bsp/\libhal_bsp.a(altera_avalon_jtag_uart_read.o)
                0x000000000020a3cc                altera_avalon_jtag_uart_read
 .text          0x000000000020a4b8       0x94 ../tcp_webserver_bsp/\libhal_bsp.a(altera_avalon_jtag_uart_write.o)
                0x000000000020a4b8                altera_avalon_jtag_uart_write
 .text          0x000000000020a54c      0xf4c ../tcp_webserver_bsp/\libhal_bsp.a(altera_avalon_lcd_16207.o)
                0x000000000020ad98                altera_avalon_lcd_16207_write
                0x000000000020b364                altera_avalon_lcd_16207_init
 .text          0x000000000020b498      0xd94 ../tcp_webserver_bsp/\libhal_bsp.a(altera_avalon_sgdma.o)
                0x000000000020b4d4                alt_avalon_sgdma_do_async_transfer
                0x000000000020b5f8                alt_avalon_sgdma_do_sync_transfer
                0x000000000020b708                alt_avalon_sgdma_construct_mem_to_mem_desc
                0x000000000020b77c                alt_avalon_sgdma_construct_mem_to_mem_desc_burst
                0x000000000020b800                alt_avalon_sgdma_construct_stream_to_mem_desc
                0x000000000020b860                alt_avalon_sgdma_construct_stream_to_mem_desc_burst
                0x000000000020b8d8                alt_avalon_sgdma_construct_mem_to_stream_desc
                0x000000000020b958                alt_avalon_sgdma_construct_mem_to_stream_desc_burst
                0x000000000020b9e4                alt_avalon_sgdma_register_callback
                0x000000000020ba38                alt_avalon_sgdma_start
                0x000000000020ba90                alt_avalon_sgdma_stop
                0x000000000020baec                alt_avalon_sgdma_check_descriptor_status
                0x000000000020bb50                alt_avalon_sgdma_open
                0x000000000020bba4                alt_avalon_sgdma_construct_descriptor
                0x000000000020bc30                alt_avalon_sgdma_enable_desc_poll
                0x000000000020bcb0                alt_avalon_sgdma_disable_desc_poll
                0x000000000020bd10                alt_avalon_sgdma_construct_descriptor_burst
                0x000000000020c184                alt_avalon_sgdma_init
 .text          0x000000000020c22c       0xf4 ../tcp_webserver_bsp/\libhal_bsp.a(altera_avalon_timer_sc.o)
                0x000000000020c2a4                alt_avalon_timer_sc_init
 .text          0x000000000020c320      0x12c ../tcp_webserver_bsp/\libhal_bsp.a(alt_alarm_start.o)
                0x000000000020c320                alt_alarm_start
 .text          0x000000000020c44c      0x114 ../tcp_webserver_bsp/\libhal_bsp.a(alt_close.o)
                0x000000000020c488                close
 .text          0x000000000020c560       0x28 ../tcp_webserver_bsp/\libhal_bsp.a(alt_dcache_flush.o)
                0x000000000020c560                alt_dcache_flush
 .text          0x000000000020c588       0x20 ../tcp_webserver_bsp/\libhal_bsp.a(alt_dcache_flush_all.o)
                0x000000000020c588                alt_dcache_flush_all
 .text          0x000000000020c5a8       0x2c ../tcp_webserver_bsp/\libhal_bsp.a(alt_dev.o)
 .text          0x000000000020c5d4       0xe0 ../tcp_webserver_bsp/\libhal_bsp.a(alt_dev_llist_insert.o)
                0x000000000020c610                alt_dev_llist_insert
 .text          0x000000000020c6b4       0x60 ../tcp_webserver_bsp/\libhal_bsp.a(alt_do_ctors.o)
                0x000000000020c6b4                _do_ctors
 .text          0x000000000020c714       0x60 ../tcp_webserver_bsp/\libhal_bsp.a(alt_do_dtors.o)
                0x000000000020c714                _do_dtors
 .text          0x000000000020c774        0x0 ../tcp_webserver_bsp/\libhal_bsp.a(alt_errno.o)
 .text          0x000000000020c774        0x0 ../tcp_webserver_bsp/\libhal_bsp.a(alt_exception_entry.o)
 .text          0x000000000020c774       0x90 ../tcp_webserver_bsp/\libhal_bsp.a(alt_find_dev.o)
                0x000000000020c774                alt_find_dev
 .text          0x000000000020c804       0x20 ../tcp_webserver_bsp/\libhal_bsp.a(alt_icache_flush_all.o)
                0x000000000020c804                alt_icache_flush_all
 .text          0x000000000020c824       0x9c ../tcp_webserver_bsp/\libhal_bsp.a(alt_instruction_exception_entry.o)
                0x000000000020c824                alt_exception_cause_generated_bad_addr
 .text          0x000000000020c8c0      0x160 ../tcp_webserver_bsp/\libhal_bsp.a(alt_io_redirect.o)
                0x000000000020c9a4                alt_io_redirect
 .text          0x000000000020ca20      0x284 ../tcp_webserver_bsp/\libhal_bsp.a(alt_open.o)
                0x000000000020cb48                open
 .text          0x000000000020cca4       0x84 ../tcp_webserver_bsp/\libhal_bsp.a(alt_release_fd.o)
                0x000000000020cca4                alt_release_fd
 .text          0x000000000020cd28      0x1a4 ../tcp_webserver_bsp/\libhal_bsp.a(alt_tick.o)
                0x000000000020cd28                alt_alarm_stop
                0x000000000020cdc4                alt_tick
 .text          0x000000000020cecc       0x30 ../tcp_webserver_bsp/\libhal_bsp.a(alt_usleep.o)
                0x000000000020cecc                usleep
 .text          0x000000000020cefc       0x24 ../tcp_webserver_bsp/\libhal_bsp.a(altera_nios2_gen2_irq.o)
                0x000000000020cefc                altera_nios2_gen2_irq_init
 .text          0x000000000020cf20      0x158 ../tcp_webserver_bsp/\libhal_bsp.a(alt_busy_sleep.o)
                0x000000000020cf20                alt_busy_sleep
 .text          0x000000000020d078      0x108 ../tcp_webserver_bsp/\libhal_bsp.a(alt_find_file.o)
                0x000000000020d078                alt_find_file
 .text          0x000000000020d180       0xc4 ../tcp_webserver_bsp/\libhal_bsp.a(alt_get_fd.o)
                0x000000000020d180                alt_get_fd
 .text          0x000000000020d244        0x0 c:/intelfpga/18.1/nios2eds/bin/gnu/h-x86_64-mingw32/bin/../lib/gcc/nios2-elf/5.3.0/../../../../../H-x86_64-mingw32/nios2-elf/lib/mno-hw-mul\libsmallc.a(lib_a-atexit.o)
 .text.atexit   0x000000000020d244       0x14 c:/intelfpga/18.1/nios2eds/bin/gnu/h-x86_64-mingw32/bin/../lib/gcc/nios2-elf/5.3.0/../../../../../H-x86_64-mingw32/nios2-elf/lib/mno-hw-mul\libsmallc.a(lib_a-atexit.o)
                0x000000000020d244                atexit
 .text          0x000000000020d258        0x0 c:/intelfpga/18.1/nios2eds/bin/gnu/h-x86_64-mingw32/bin/../lib/gcc/nios2-elf/5.3.0/../../../../../H-x86_64-mingw32/nios2-elf/lib/mno-hw-mul\libsmallc.a(lib_a-ctype_.o)
 .text          0x000000000020d258        0x0 c:/intelfpga/18.1/nios2eds/bin/gnu/h-x86_64-mingw32/bin/../lib/gcc/nios2-elf/5.3.0/../../../../../H-x86_64-mingw32/nios2-elf/lib/mno-hw-mul\libsmallc.a(lib_a-exit.o)
 .text.exit     0x000000000020d258       0x20 c:/intelfpga/18.1/nios2eds/bin/gnu/h-x86_64-mingw32/bin/../lib/gcc/nios2-elf/5.3.0/../../../../../H-x86_64-mingw32/nios2-elf/lib/mno-hw-mul\libsmallc.a(lib_a-exit.o)
                0x000000000020d258                exit
 .text          0x000000000020d278        0x0 c:/intelfpga/18.1/nios2eds/bin/gnu/h-x86_64-mingw32/bin/../lib/gcc/nios2-elf/5.3.0/../../../../../H-x86_64-mingw32/nios2-elf/lib/mno-hw-mul\libsmallc.a(lib_a-int_errno.o)
 .text          0x000000000020d278        0x0 c:/intelfpga/18.1/nios2eds/bin/gnu/h-x86_64-mingw32/bin/../lib/gcc/nios2-elf/5.3.0/../../../../../H-x86_64-mingw32/nios2-elf/lib/mno-hw-mul\libsmallc.a(lib_a-memcmp.o)
 .text.memcmp   0x000000000020d278       0x30 c:/intelfpga/18.1/nios2eds/bin/gnu/h-x86_64-mingw32/bin/../lib/gcc/nios2-elf/5.3.0/../../../../../H-x86_64-mingw32/nios2-elf/lib/mno-hw-mul\libsmallc.a(lib_a-memcmp.o)
                0x000000000020d278                memcmp
 .text          0x000000000020d2a8        0x0 c:/intelfpga/18.1/nios2eds/bin/gnu/h-x86_64-mingw32/bin/../lib/gcc/nios2-elf/5.3.0/../../../../../H-x86_64-mingw32/nios2-elf/lib/mno-hw-mul\libsmallc.a(lib_a-memcpy.o)
 .text.memcpy   0x000000000020d2a8       0x28 c:/intelfpga/18.1/nios2eds/bin/gnu/h-x86_64-mingw32/bin/../lib/gcc/nios2-elf/5.3.0/../../../../../H-x86_64-mingw32/nios2-elf/lib/mno-hw-mul\libsmallc.a(lib_a-memcpy.o)
                0x000000000020d2a8                memcpy
 .text          0x000000000020d2d0        0x0 c:/intelfpga/18.1/nios2eds/bin/gnu/h-x86_64-mingw32/bin/../lib/gcc/nios2-elf/5.3.0/../../../../../H-x86_64-mingw32/nios2-elf/lib/mno-hw-mul\libsmallc.a(lib_a-memset.o)
 .text.memset   0x000000000020d2d0       0x20 c:/intelfpga/18.1/nios2eds/bin/gnu/h-x86_64-mingw32/bin/../lib/gcc/nios2-elf/5.3.0/../../../../../H-x86_64-mingw32/nios2-elf/lib/mno-hw-mul\libsmallc.a(lib_a-memset.o)
                0x000000000020d2d0                memset
 .text          0x000000000020d2f0        0x0 c:/intelfpga/18.1/nios2eds/bin/gnu/h-x86_64-mingw32/bin/../lib/gcc/nios2-elf/5.3.0/../../../../../H-x86_64-mingw32/nios2-elf/lib/mno-hw-mul\libsmallc.a(lib_a-strlen.o)
 .text.strlen   0x000000000020d2f0       0x1c c:/intelfpga/18.1/nios2eds/bin/gnu/h-x86_64-mingw32/bin/../lib/gcc/nios2-elf/5.3.0/../../../../../H-x86_64-mingw32/nios2-elf/lib/mno-hw-mul\libsmallc.a(lib_a-strlen.o)
                0x000000000020d2f0                strlen
 .text          0x000000000020d30c        0x0 c:/intelfpga/18.1/nios2eds/bin/gnu/h-x86_64-mingw32/bin/../lib/gcc/nios2-elf/5.3.0/../../../../../H-x86_64-mingw32/nios2-elf/lib/mno-hw-mul\libsmallc.a(lib_a-__atexit.o)
 .text.__register_exitproc
                0x000000000020d30c      0x158 c:/intelfpga/18.1/nios2eds/bin/gnu/h-x86_64-mingw32/bin/../lib/gcc/nios2-elf/5.3.0/../../../../../H-x86_64-mingw32/nios2-elf/lib/mno-hw-mul\libsmallc.a(lib_a-__atexit.o)
                0x000000000020d30c                __register_exitproc
 .text          0x000000000020d464        0x0 c:/intelfpga/18.1/nios2eds/bin/gnu/h-x86_64-mingw32/bin/../lib/gcc/nios2-elf/5.3.0/../../../../../H-x86_64-mingw32/nios2-elf/lib/mno-hw-mul\libsmallc.a(lib_a-__call_atexit.o)
 .text.__call_exitprocs
                0x000000000020d464      0x190 c:/intelfpga/18.1/nios2eds/bin/gnu/h-x86_64-mingw32/bin/../lib/gcc/nios2-elf/5.3.0/../../../../../H-x86_64-mingw32/nios2-elf/lib/mno-hw-mul\libsmallc.a(lib_a-__call_atexit.o)
                0x000000000020d464                __call_exitprocs
 .text          0x000000000020d5f4        0x0 c:/intelfpga/18.1/nios2eds/bin/gnu/h-x86_64-mingw32/bin/../lib/gcc/nios2-elf/5.3.0/../../../../../H-x86_64-mingw32/nios2-elf/lib/mno-hw-mul\libsmallc.a(lib_a-impure.o)
 .text          0x000000000020d5f4      0x1b4 c:/intelfpga/18.1/nios2eds/bin/gnu/h-x86_64-mingw32/bin/../lib/gcc/nios2-elf/5.3.0/mno-hw-mul\libgcc.a(lib2-divmod.o)
                0x000000000020d5f4                __divsi3
                0x000000000020d678                __modsi3
                0x000000000020d6ec                __udivsi3
                0x000000000020d750                __umodsi3
 .text          0x000000000020d7a8       0x28 c:/intelfpga/18.1/nios2eds/bin/gnu/h-x86_64-mingw32/bin/../lib/gcc/nios2-elf/5.3.0/mno-hw-mul\libgcc.a(lib2-mul.o)
                0x000000000020d7a8                __mulsi3
 .text          0x000000000020d7d0       0x34 ../tcp_webserver_bsp/\libhal_bsp.a(alt_exit.o)
                0x000000000020d7d0                _exit
 *(.gnu.warning.*)
 *(.fini)
                [!provide]                        PROVIDE (__etext, ABSOLUTE (.))
                [!provide]                        PROVIDE (_etext, ABSOLUTE (.))
                [!provide]                        PROVIDE (etext, ABSOLUTE (.))
 *(.eh_frame_hdr)
                0x000000000020d804                . = ALIGN (0x4)
                [!provide]                        PROVIDE (__preinit_array_start, ABSOLUTE (.))
 *(.preinit_array)
                [!provide]                        PROVIDE (__preinit_array_end, ABSOLUTE (.))
                [!provide]                        PROVIDE (__init_array_start, ABSOLUTE (.))
 *(.init_array)
                [!provide]                        PROVIDE (__init_array_end, ABSOLUTE (.))
                [!provide]                        PROVIDE (__fini_array_start, ABSOLUTE (.))
 *(.fini_array)
                [!provide]                        PROVIDE (__fini_array_end, ABSOLUTE (.))
 *(.eh_frame)
 *(.gcc_except_table .gcc_except_table.*)
 *(.dynamic)
                0x000000000020d804                PROVIDE (__CTOR_LIST__, ABSOLUTE (.))
 *(.ctors)
 *(SORT(.ctors.*))
                0x000000000020d804                PROVIDE (__CTOR_END__, ABSOLUTE (.))
                0x000000000020d804                PROVIDE (__DTOR_LIST__, ABSOLUTE (.))
 *(.dtors)
 *(SORT(.dtors.*))
                0x000000000020d804                PROVIDE (__DTOR_END__, ABSOLUTE (.))
 *(.jcr)
                0x000000000020d804                . = ALIGN (0x4)

.rodata         0x000000000020d804      0x314
                0x000000000020d804                PROVIDE (__ram_rodata_start, ABSOLUTE (.))
                0x000000000020d804                . = ALIGN (0x4)
 *(.rodata .rodata.* .gnu.linkonce.r.*)
 .rodata        0x000000000020d804       0x1d obj/default/tcp_socket.o
 *fill*         0x000000000020d821        0x3 
 .rodata        0x000000000020d824       0x1d obj/default/tcp_webserver.o
 *fill*         0x000000000020d841        0x3 
 .rodata        0x000000000020d844       0x11 ../tcp_webserver_bsp/\libhal_bsp.a(alt_main.o)
 *fill*         0x000000000020d855        0x3 
 .rodata        0x000000000020d858       0x31 ../tcp_webserver_bsp/\libhal_bsp.a(alt_sys_init.o)
 *fill*         0x000000000020d889        0x3 
 .rodata        0x000000000020d88c        0xa ../tcp_webserver_bsp/\libhal_bsp.a(alt_dev.o)
 .rodata._ctype_
                0x000000000020d896      0x101 c:/intelfpga/18.1/nios2eds/bin/gnu/h-x86_64-mingw32/bin/../lib/gcc/nios2-elf/5.3.0/../../../../../H-x86_64-mingw32/nios2-elf/lib/mno-hw-mul\libsmallc.a(lib_a-ctype_.o)
                0x000000000020d896                _ctype_
 .rodata._ctype_b
                0x000000000020d997      0x180 c:/intelfpga/18.1/nios2eds/bin/gnu/h-x86_64-mingw32/bin/../lib/gcc/nios2-elf/5.3.0/../../../../../H-x86_64-mingw32/nios2-elf/lib/mno-hw-mul\libsmallc.a(lib_a-ctype_.o)
 *(.rodata1)
                0x000000000020db18                . = ALIGN (0x4)
 *fill*         0x000000000020db17        0x1 
                0x000000000020db18                PROVIDE (__ram_rodata_end, ABSOLUTE (.))
                0x000000000020d804                PROVIDE (__flash_rodata_start, LOADADDR (.rodata))

.rwdata         0x000000000020db18      0x5f0 load address 0x000000000020e108
                0x000000000020db18                PROVIDE (__ram_rwdata_start, ABSOLUTE (.))
                0x000000000020db18                . = ALIGN (0x4)
 *(.got.plt)
 *(.got)
 *(.data1)
 *(.data .data.* .gnu.linkonce.d.*)
 .data          0x000000000020db18        0x0 ../tcp_webserver_bsp//obj/HAL/src/crt0.o
 .data          0x000000000020db18      0x26c obj/default/tcp_socket.o
                0x000000000020db18                html_page
 .data          0x000000000020dd84        0x0 obj/default/tcp_webserver.o
 .data          0x000000000020dd84        0x0 c:/intelfpga/18.1/nios2eds/bin/gnu/h-x86_64-mingw32/bin/../lib/gcc/nios2-elf/5.3.0/../../../../../H-x86_64-mingw32/nios2-elf/lib/mno-hw-mul\libsmallc.a(lib_a-memmove.o)
 .data          0x000000000020dd84        0x0 c:/intelfpga/18.1/nios2eds/bin/gnu/h-x86_64-mingw32/bin/../lib/gcc/nios2-elf/5.3.0/../../../../../H-x86_64-mingw32/nios2-elf/lib/mno-hw-mul\libsmallc.a(lib_a-strncmp.o)
 .data          0x000000000020dd84        0x0 ../tcp_webserver_bsp/\libhal_bsp.a(alt_iic.o)
 .data          0x000000000020dd84        0x0 ../tcp_webserver_bsp/\libhal_bsp.a(alt_iic_isr_register.o)
 .data          0x000000000020dd84        0x0 ../tcp_webserver_bsp/\libhal_bsp.a(alt_irq_entry.o)
 .data          0x000000000020dd84        0x0 ../tcp_webserver_bsp/\libhal_bsp.a(alt_irq_handler.o)
 .data          0x000000000020dd84        0x0 ../tcp_webserver_bsp/\libhal_bsp.a(alt_irq_vars.o)
 .data          0x000000000020dd84        0x0 ../tcp_webserver_bsp/\libhal_bsp.a(alt_load.o)
 .data          0x000000000020dd84        0x0 ../tcp_webserver_bsp/\libhal_bsp.a(alt_main.o)
 .data          0x000000000020dd84       0x8c ../tcp_webserver_bsp/\libhal_bsp.a(alt_sys_init.o)
 .data          0x000000000020de10        0x0 ../tcp_webserver_bsp/\libhal_bsp.a(altera_avalon_jtag_uart_fd.o)
 .data          0x000000000020de10        0x0 ../tcp_webserver_bsp/\libhal_bsp.a(altera_avalon_jtag_uart_read.o)
 .data          0x000000000020de10        0x0 ../tcp_webserver_bsp/\libhal_bsp.a(altera_avalon_jtag_uart_write.o)
 .data          0x000000000020de10        0x0 ../tcp_webserver_bsp/\libhal_bsp.a(altera_avalon_lcd_16207.o)
 .data          0x000000000020de10        0x0 ../tcp_webserver_bsp/\libhal_bsp.a(altera_avalon_sgdma.o)
 .data          0x000000000020de10        0x0 ../tcp_webserver_bsp/\libhal_bsp.a(altera_avalon_timer_sc.o)
 .data          0x000000000020de10        0x0 ../tcp_webserver_bsp/\libhal_bsp.a(alt_alarm_start.o)
 .data          0x000000000020de10        0x0 ../tcp_webserver_bsp/\libhal_bsp.a(alt_close.o)
 .data          0x000000000020de10        0x0 ../tcp_webserver_bsp/\libhal_bsp.a(alt_dcache_flush.o)
 .data          0x000000000020de10        0x0 ../tcp_webserver_bsp/\libhal_bsp.a(alt_dcache_flush_all.o)
 .data          0x000000000020de10      0x1a8 ../tcp_webserver_bsp/\libhal_bsp.a(alt_dev.o)
                0x000000000020de10                alt_dev_null
                0x000000000020de38                alt_fd_list
 .data          0x000000000020dfb8        0x0 ../tcp_webserver_bsp/\libhal_bsp.a(alt_dev_llist_insert.o)
 .data          0x000000000020dfb8        0x0 ../tcp_webserver_bsp/\libhal_bsp.a(alt_do_ctors.o)
 .data          0x000000000020dfb8        0x0 ../tcp_webserver_bsp/\libhal_bsp.a(alt_do_dtors.o)
 .data          0x000000000020dfb8        0x0 ../tcp_webserver_bsp/\libhal_bsp.a(alt_errno.o)
 .data          0x000000000020dfb8        0x0 ../tcp_webserver_bsp/\libhal_bsp.a(alt_exception_entry.o)
 .data          0x000000000020dfb8        0x0 ../tcp_webserver_bsp/\libhal_bsp.a(alt_find_dev.o)
 .data          0x000000000020dfb8        0x0 ../tcp_webserver_bsp/\libhal_bsp.a(alt_icache_flush_all.o)
 .data          0x000000000020dfb8        0x0 ../tcp_webserver_bsp/\libhal_bsp.a(alt_instruction_exception_entry.o)
 .data          0x000000000020dfb8        0x0 ../tcp_webserver_bsp/\libhal_bsp.a(alt_io_redirect.o)
 .data          0x000000000020dfb8        0x0 ../tcp_webserver_bsp/\libhal_bsp.a(alt_open.o)
 .data          0x000000000020dfb8        0x0 ../tcp_webserver_bsp/\libhal_bsp.a(alt_release_fd.o)
 .data          0x000000000020dfb8        0x0 ../tcp_webserver_bsp/\libhal_bsp.a(alt_tick.o)
 .data          0x000000000020dfb8        0x0 ../tcp_webserver_bsp/\libhal_bsp.a(alt_usleep.o)
 .data          0x000000000020dfb8        0x0 ../tcp_webserver_bsp/\libhal_bsp.a(altera_nios2_gen2_irq.o)
 .data          0x000000000020dfb8        0x0 ../tcp_webserver_bsp/\libhal_bsp.a(alt_busy_sleep.o)
 .data          0x000000000020dfb8        0x0 ../tcp_webserver_bsp/\libhal_bsp.a(alt_find_file.o)
 .data          0x000000000020dfb8        0x0 ../tcp_webserver_bsp/\libhal_bsp.a(alt_get_fd.o)
 .data          0x000000000020dfb8        0x0 c:/intelfpga/18.1/nios2eds/bin/gnu/h-x86_64-mingw32/bin/../lib/gcc/nios2-elf/5.3.0/../../../../../H-x86_64-mingw32/nios2-elf/lib/mno-hw-mul\libsmallc.a(lib_a-atexit.o)
 .data          0x000000000020dfb8        0x0 c:/intelfpga/18.1/nios2eds/bin/gnu/h-x86_64-mingw32/bin/../lib/gcc/nios2-elf/5.3.0/../../../../../H-x86_64-mingw32/nios2-elf/lib/mno-hw-mul\libsmallc.a(lib_a-ctype_.o)
 .data          0x000000000020dfb8        0x0 c:/intelfpga/18.1/nios2eds/bin/gnu/h-x86_64-mingw32/bin/../lib/gcc/nios2-elf/5.3.0/../../../../../H-x86_64-mingw32/nios2-elf/lib/mno-hw-mul\libsmallc.a(lib_a-exit.o)
 .data          0x000000000020dfb8        0x0 c:/intelfpga/18.1/nios2eds/bin/gnu/h-x86_64-mingw32/bin/../lib/gcc/nios2-elf/5.3.0/../../../../../H-x86_64-mingw32/nios2-elf/lib/mno-hw-mul\libsmallc.a(lib_a-int_errno.o)
 .data          0x000000000020dfb8        0x0 c:/intelfpga/18.1/nios2eds/bin/gnu/h-x86_64-mingw32/bin/../lib/gcc/nios2-elf/5.3.0/../../../../../H-x86_64-mingw32/nios2-elf/lib/mno-hw-mul\libsmallc.a(lib_a-memcmp.o)
 .data          0x000000000020dfb8        0x0 c:/intelfpga/18.1/nios2eds/bin/gnu/h-x86_64-mingw32/bin/../lib/gcc/nios2-elf/5.3.0/../../../../../H-x86_64-mingw32/nios2-elf/lib/mno-hw-mul\libsmallc.a(lib_a-memcpy.o)
 .data          0x000000000020dfb8        0x0 c:/intelfpga/18.1/nios2eds/bin/gnu/h-x86_64-mingw32/bin/../lib/gcc/nios2-elf/5.3.0/../../../../../H-x86_64-mingw32/nios2-elf/lib/mno-hw-mul\libsmallc.a(lib_a-memset.o)
 .data          0x000000000020dfb8        0x0 c:/intelfpga/18.1/nios2eds/bin/gnu/h-x86_64-mingw32/bin/../lib/gcc/nios2-elf/5.3.0/../../../../../H-x86_64-mingw32/nios2-elf/lib/mno-hw-mul\libsmallc.a(lib_a-strlen.o)
 .data          0x000000000020dfb8        0x0 c:/intelfpga/18.1/nios2eds/bin/gnu/h-x86_64-mingw32/bin/../lib/gcc/nios2-elf/5.3.0/../../../../../H-x86_64-mingw32/nios2-elf/lib/mno-hw-mul\libsmallc.a(lib_a-__atexit.o)
 .data          0x000000000020dfb8        0x0 c:/intelfpga/18.1/nios2eds/bin/gnu/h-x86_64-mingw32/bin/../lib/gcc/nios2-elf/5.3.0/../../../../../H-x86_64-mingw32/nios2-elf/lib/mno-hw-mul\libsmallc.a(lib_a-__call_atexit.o)
 .data          0x000000000020dfb8        0x0 c:/intelfpga/18.1/nios2eds/bin/gnu/h-x86_64-mingw32/bin/../lib/gcc/nios2-elf/5.3.0/../../../../../H-x86_64-mingw32/nios2-elf/lib/mno-hw-mul\libsmallc.a(lib_a-impure.o)
 .data.impure_data
                0x000000000020dfb8       0xe0 c:/intelfpga/18.1/nios2eds/bin/gnu/h-x86_64-mingw32/bin/../lib/gcc/nios2-elf/5.3.0/../../../../../H-x86_64-mingw32/nios2-elf/lib/mno-hw-mul\libsmallc.a(lib_a-impure.o)
 .data          0x000000000020e098        0x0 c:/intelfpga/18.1/nios2eds/bin/gnu/h-x86_64-mingw32/bin/../lib/gcc/nios2-elf/5.3.0/mno-hw-mul\libgcc.a(lib2-divmod.o)
 .data          0x000000000020e098        0x0 c:/intelfpga/18.1/nios2eds/bin/gnu/h-x86_64-mingw32/bin/../lib/gcc/nios2-elf/5.3.0/mno-hw-mul\libgcc.a(lib2-mul.o)
 .data          0x000000000020e098        0x0 ../tcp_webserver_bsp/\libhal_bsp.a(alt_exit.o)
                0x0000000000216098                _gp = ABSOLUTE ((. + 0x8000))
                [!provide]                        PROVIDE (gp, _gp)
 *(.rwdata .rwdata.*)
 *(.sdata .sdata.* .gnu.linkonce.s.*)
 .sdata         0x000000000020e098       0x2e obj/default/tcp_socket.o
                0x000000000020e098                tx_descriptor
                0x000000000020e09c                tx_descriptor_end
                0x000000000020e0a0                rx_descriptor
                0x000000000020e0a4                rx_descriptor_end
                0x000000000020e0a8                arp_packet
                0x000000000020e0ac                arp_recieved
                0x000000000020e0b0                ipv4_recieved
                0x000000000020e0b4                tcp_out
                0x000000000020e0b8                tcp_recieved
                0x000000000020e0bc                my_ip
                0x000000000020e0c0                my_mac
 *fill*         0x000000000020e0c6        0x2 
 .sdata         0x000000000020e0c8        0x4 obj/default/tcp_webserver.o
                0x000000000020e0c8                tse
 .sdata         0x000000000020e0cc        0x4 ../tcp_webserver_bsp/\libhal_bsp.a(alt_irq_vars.o)
                0x000000000020e0cc                alt_priority_mask
 .sdata         0x000000000020e0d0        0x4 ../tcp_webserver_bsp/\libhal_bsp.a(altera_avalon_lcd_16207.o)
 .sdata         0x000000000020e0d4        0x8 ../tcp_webserver_bsp/\libhal_bsp.a(altera_avalon_sgdma.o)
                0x000000000020e0d4                alt_sgdma_list
 .sdata         0x000000000020e0dc       0x14 ../tcp_webserver_bsp/\libhal_bsp.a(alt_dev.o)
                0x000000000020e0dc                alt_fs_list
                0x000000000020e0e4                alt_dev_list
                0x000000000020e0ec                alt_max_fd
 .sdata         0x000000000020e0f0        0x4 ../tcp_webserver_bsp/\libhal_bsp.a(alt_errno.o)
                0x000000000020e0f0                alt_errno
 .sdata         0x000000000020e0f4        0x8 ../tcp_webserver_bsp/\libhal_bsp.a(alt_tick.o)
                0x000000000020e0f4                alt_alarm_list
 .sdata.__ctype_ptr__
                0x000000000020e0fc        0x4 c:/intelfpga/18.1/nios2eds/bin/gnu/h-x86_64-mingw32/bin/../lib/gcc/nios2-elf/5.3.0/../../../../../H-x86_64-mingw32/nios2-elf/lib/mno-hw-mul\libsmallc.a(lib_a-ctype_.o)
                0x000000000020e0fc                __ctype_ptr__
 .sdata._global_impure_ptr
                0x000000000020e100        0x4 c:/intelfpga/18.1/nios2eds/bin/gnu/h-x86_64-mingw32/bin/../lib/gcc/nios2-elf/5.3.0/../../../../../H-x86_64-mingw32/nios2-elf/lib/mno-hw-mul\libsmallc.a(lib_a-impure.o)
                0x000000000020e100                _global_impure_ptr
 .sdata._impure_ptr
                0x000000000020e104        0x4 c:/intelfpga/18.1/nios2eds/bin/gnu/h-x86_64-mingw32/bin/../lib/gcc/nios2-elf/5.3.0/../../../../../H-x86_64-mingw32/nios2-elf/lib/mno-hw-mul\libsmallc.a(lib_a-impure.o)
                0x000000000020e104                _impure_ptr
 *(.sdata2 .sdata2.* .gnu.linkonce.s2.*)
                0x000000000020e108                . = ALIGN (0x4)
                0x000000000020e108                _edata = ABSOLUTE (.)
                [!provide]                        PROVIDE (edata, ABSOLUTE (.))
                0x000000000020e108                PROVIDE (__ram_rwdata_end, ABSOLUTE (.))
                0x000000000020e108                PROVIDE (__flash_rwdata_start, LOADADDR (.rwdata))

.bss            0x000000000020e6f8      0xd54
                0x000000000020e6f8                __bss_start = ABSOLUTE (.)
                [!provide]                        PROVIDE (__sbss_start, ABSOLUTE (.))
                [!provide]                        PROVIDE (___sbss_start, ABSOLUTE (.))
 *(.dynsbss)
 *(.sbss .sbss.* .gnu.linkonce.sb.*)
 .sbss          0x000000000020e6f8        0x8 obj/default/tcp_socket.o
                0x000000000020e6f8                set_timer_zero
 .sbss          0x000000000020e700        0xc obj/default/tcp_socket.o
                0x000000000020e700                sgdma_tx_dev
                0x000000000020e704                TCP
                0x000000000020e708                sgdma_rx_dev
 .sbss          0x000000000020e70c        0x4 obj/default/tcp_webserver.o
                0x000000000020e70c                lcd_string_changed
                0x000000000020e70d                in
                0x000000000020e70e                lcd_string_len
                0x000000000020e70f                leds
 .sbss          0x000000000020e710        0x4 ../tcp_webserver_bsp/\libhal_bsp.a(alt_irq_vars.o)
                0x000000000020e710                alt_irq_active
 .sbss          0x000000000020e714        0xc ../tcp_webserver_bsp/\libhal_bsp.a(alt_main.o)
                0x000000000020e714                alt_argc
                0x000000000020e718                alt_argv
                0x000000000020e71c                alt_envp
 .sbss          0x000000000020e720        0x4 ../tcp_webserver_bsp/\libhal_bsp.a(alt_instruction_exception_entry.o)
                0x000000000020e720                alt_instruction_exception_handler
 .sbss          0x000000000020e724        0x8 ../tcp_webserver_bsp/\libhal_bsp.a(alt_tick.o)
                0x000000000020e724                _alt_tick_rate
                0x000000000020e728                _alt_nticks
 .sbss          0x000000000020e72c        0x4 c:/intelfpga/18.1/nios2eds/bin/gnu/h-x86_64-mingw32/bin/../lib/gcc/nios2-elf/5.3.0/../../../../../H-x86_64-mingw32/nios2-elf/lib/mno-hw-mul\libsmallc.a(lib_a-int_errno.o)
                0x000000000020e72c                errno
 *(.sbss2 .sbss2.* .gnu.linkonce.sb2.*)
 *(.scommon)
                [!provide]                        PROVIDE (__sbss_end, ABSOLUTE (.))
                [!provide]                        PROVIDE (___sbss_end, ABSOLUTE (.))
 *(.dynbss)
 *(.bss .bss.* .gnu.linkonce.b.*)
 .bss           0x000000000020e730        0x0 ../tcp_webserver_bsp//obj/HAL/src/crt0.o
 .bss           0x000000000020e730      0xbdc obj/default/tcp_socket.o
                0x000000000020e730                rx_frame
                0x000000000020ed1e                tx_frame
 .bss           0x000000000020f30c        0x0 obj/default/tcp_webserver.o
 .bss           0x000000000020f30c        0x0 c:/intelfpga/18.1/nios2eds/bin/gnu/h-x86_64-mingw32/bin/../lib/gcc/nios2-elf/5.3.0/../../../../../H-x86_64-mingw32/nios2-elf/lib/mno-hw-mul\libsmallc.a(lib_a-memmove.o)
 .bss           0x000000000020f30c        0x0 c:/intelfpga/18.1/nios2eds/bin/gnu/h-x86_64-mingw32/bin/../lib/gcc/nios2-elf/5.3.0/../../../../../H-x86_64-mingw32/nios2-elf/lib/mno-hw-mul\libsmallc.a(lib_a-strncmp.o)
 .bss           0x000000000020f30c        0x0 ../tcp_webserver_bsp/\libhal_bsp.a(alt_iic.o)
 .bss           0x000000000020f30c        0x0 ../tcp_webserver_bsp/\libhal_bsp.a(alt_iic_isr_register.o)
 .bss           0x000000000020f30c        0x0 ../tcp_webserver_bsp/\libhal_bsp.a(alt_irq_entry.o)
 .bss           0x000000000020f30c        0x0 ../tcp_webserver_bsp/\libhal_bsp.a(alt_irq_handler.o)
 .bss           0x000000000020f30c        0x0 ../tcp_webserver_bsp/\libhal_bsp.a(alt_irq_vars.o)
 .bss           0x000000000020f30c        0x0 ../tcp_webserver_bsp/\libhal_bsp.a(alt_load.o)
 .bss           0x000000000020f30c        0x0 ../tcp_webserver_bsp/\libhal_bsp.a(alt_main.o)
 .bss           0x000000000020f30c        0x0 ../tcp_webserver_bsp/\libhal_bsp.a(alt_sys_init.o)
 .bss           0x000000000020f30c        0x0 ../tcp_webserver_bsp/\libhal_bsp.a(altera_avalon_jtag_uart_fd.o)
 .bss           0x000000000020f30c        0x0 ../tcp_webserver_bsp/\libhal_bsp.a(altera_avalon_jtag_uart_read.o)
 .bss           0x000000000020f30c        0x0 ../tcp_webserver_bsp/\libhal_bsp.a(altera_avalon_jtag_uart_write.o)
 .bss           0x000000000020f30c        0x0 ../tcp_webserver_bsp/\libhal_bsp.a(altera_avalon_lcd_16207.o)
 .bss           0x000000000020f30c        0x0 ../tcp_webserver_bsp/\libhal_bsp.a(altera_avalon_sgdma.o)
 .bss           0x000000000020f30c        0x0 ../tcp_webserver_bsp/\libhal_bsp.a(altera_avalon_timer_sc.o)
 .bss           0x000000000020f30c        0x0 ../tcp_webserver_bsp/\libhal_bsp.a(alt_alarm_start.o)
 .bss           0x000000000020f30c        0x0 ../tcp_webserver_bsp/\libhal_bsp.a(alt_close.o)
 .bss           0x000000000020f30c        0x0 ../tcp_webserver_bsp/\libhal_bsp.a(alt_dcache_flush.o)
 .bss           0x000000000020f30c        0x0 ../tcp_webserver_bsp/\libhal_bsp.a(alt_dcache_flush_all.o)
 .bss           0x000000000020f30c        0x0 ../tcp_webserver_bsp/\libhal_bsp.a(alt_dev.o)
 .bss           0x000000000020f30c        0x0 ../tcp_webserver_bsp/\libhal_bsp.a(alt_dev_llist_insert.o)
 .bss           0x000000000020f30c        0x0 ../tcp_webserver_bsp/\libhal_bsp.a(alt_do_ctors.o)
 .bss           0x000000000020f30c        0x0 ../tcp_webserver_bsp/\libhal_bsp.a(alt_do_dtors.o)
 .bss           0x000000000020f30c        0x0 ../tcp_webserver_bsp/\libhal_bsp.a(alt_errno.o)
 .bss           0x000000000020f30c        0x0 ../tcp_webserver_bsp/\libhal_bsp.a(alt_exception_entry.o)
 .bss           0x000000000020f30c        0x0 ../tcp_webserver_bsp/\libhal_bsp.a(alt_find_dev.o)
 .bss           0x000000000020f30c        0x0 ../tcp_webserver_bsp/\libhal_bsp.a(alt_icache_flush_all.o)
 .bss           0x000000000020f30c        0x0 ../tcp_webserver_bsp/\libhal_bsp.a(alt_instruction_exception_entry.o)
 .bss           0x000000000020f30c        0x0 ../tcp_webserver_bsp/\libhal_bsp.a(alt_io_redirect.o)
 .bss           0x000000000020f30c        0x0 ../tcp_webserver_bsp/\libhal_bsp.a(alt_open.o)
 .bss           0x000000000020f30c        0x0 ../tcp_webserver_bsp/\libhal_bsp.a(alt_release_fd.o)
 .bss           0x000000000020f30c        0x0 ../tcp_webserver_bsp/\libhal_bsp.a(alt_tick.o)
 .bss           0x000000000020f30c        0x0 ../tcp_webserver_bsp/\libhal_bsp.a(alt_usleep.o)
 .bss           0x000000000020f30c        0x0 ../tcp_webserver_bsp/\libhal_bsp.a(altera_nios2_gen2_irq.o)
 .bss           0x000000000020f30c        0x0 ../tcp_webserver_bsp/\libhal_bsp.a(alt_busy_sleep.o)
 .bss           0x000000000020f30c        0x0 ../tcp_webserver_bsp/\libhal_bsp.a(alt_find_file.o)
 .bss           0x000000000020f30c        0x0 ../tcp_webserver_bsp/\libhal_bsp.a(alt_get_fd.o)
 .bss           0x000000000020f30c        0x0 c:/intelfpga/18.1/nios2eds/bin/gnu/h-x86_64-mingw32/bin/../lib/gcc/nios2-elf/5.3.0/../../../../../H-x86_64-mingw32/nios2-elf/lib/mno-hw-mul\libsmallc.a(lib_a-atexit.o)
 .bss           0x000000000020f30c        0x0 c:/intelfpga/18.1/nios2eds/bin/gnu/h-x86_64-mingw32/bin/../lib/gcc/nios2-elf/5.3.0/../../../../../H-x86_64-mingw32/nios2-elf/lib/mno-hw-mul\libsmallc.a(lib_a-ctype_.o)
 .bss           0x000000000020f30c        0x0 c:/intelfpga/18.1/nios2eds/bin/gnu/h-x86_64-mingw32/bin/../lib/gcc/nios2-elf/5.3.0/../../../../../H-x86_64-mingw32/nios2-elf/lib/mno-hw-mul\libsmallc.a(lib_a-exit.o)
 .bss           0x000000000020f30c        0x0 c:/intelfpga/18.1/nios2eds/bin/gnu/h-x86_64-mingw32/bin/../lib/gcc/nios2-elf/5.3.0/../../../../../H-x86_64-mingw32/nios2-elf/lib/mno-hw-mul\libsmallc.a(lib_a-int_errno.o)
 .bss           0x000000000020f30c        0x0 c:/intelfpga/18.1/nios2eds/bin/gnu/h-x86_64-mingw32/bin/../lib/gcc/nios2-elf/5.3.0/../../../../../H-x86_64-mingw32/nios2-elf/lib/mno-hw-mul\libsmallc.a(lib_a-memcmp.o)
 .bss           0x000000000020f30c        0x0 c:/intelfpga/18.1/nios2eds/bin/gnu/h-x86_64-mingw32/bin/../lib/gcc/nios2-elf/5.3.0/../../../../../H-x86_64-mingw32/nios2-elf/lib/mno-hw-mul\libsmallc.a(lib_a-memcpy.o)
 .bss           0x000000000020f30c        0x0 c:/intelfpga/18.1/nios2eds/bin/gnu/h-x86_64-mingw32/bin/../lib/gcc/nios2-elf/5.3.0/../../../../../H-x86_64-mingw32/nios2-elf/lib/mno-hw-mul\libsmallc.a(lib_a-memset.o)
 .bss           0x000000000020f30c        0x0 c:/intelfpga/18.1/nios2eds/bin/gnu/h-x86_64-mingw32/bin/../lib/gcc/nios2-elf/5.3.0/../../../../../H-x86_64-mingw32/nios2-elf/lib/mno-hw-mul\libsmallc.a(lib_a-strlen.o)
 .bss           0x000000000020f30c        0x0 c:/intelfpga/18.1/nios2eds/bin/gnu/h-x86_64-mingw32/bin/../lib/gcc/nios2-elf/5.3.0/../../../../../H-x86_64-mingw32/nios2-elf/lib/mno-hw-mul\libsmallc.a(lib_a-__atexit.o)
 .bss           0x000000000020f30c        0x0 c:/intelfpga/18.1/nios2eds/bin/gnu/h-x86_64-mingw32/bin/../lib/gcc/nios2-elf/5.3.0/../../../../../H-x86_64-mingw32/nios2-elf/lib/mno-hw-mul\libsmallc.a(lib_a-__call_atexit.o)
 .bss           0x000000000020f30c        0x0 c:/intelfpga/18.1/nios2eds/bin/gnu/h-x86_64-mingw32/bin/../lib/gcc/nios2-elf/5.3.0/../../../../../H-x86_64-mingw32/nios2-elf/lib/mno-hw-mul\libsmallc.a(lib_a-impure.o)
 .bss           0x000000000020f30c        0x0 c:/intelfpga/18.1/nios2eds/bin/gnu/h-x86_64-mingw32/bin/../lib/gcc/nios2-elf/5.3.0/mno-hw-mul\libgcc.a(lib2-divmod.o)
 .bss           0x000000000020f30c        0x0 c:/intelfpga/18.1/nios2eds/bin/gnu/h-x86_64-mingw32/bin/../lib/gcc/nios2-elf/5.3.0/mno-hw-mul\libgcc.a(lib2-mul.o)
 .bss           0x000000000020f30c        0x0 ../tcp_webserver_bsp/\libhal_bsp.a(alt_exit.o)
 *(COMMON)
 COMMON         0x000000000020f30c       0x40 obj/default/tcp_webserver.o
                0x000000000020f30c                lcd_string
 COMMON         0x000000000020f34c      0x100 ../tcp_webserver_bsp/\libhal_bsp.a(alt_irq_handler.o)
                0x000000000020f34c                alt_irq
                0x000000000020f44c                . = ALIGN (0x4)
                0x000000000020f44c                __bss_end = ABSOLUTE (.)

.sram_cntrlr_0  0x0000000000000000        0x0 load address 0x000000000020f44c
                [!provide]                        PROVIDE (_alt_partition_sram_cntrlr_0_start, ABSOLUTE (.))
 *(.sram_cntrlr_0 .sram_cntrlr_0. sram_cntrlr_0.*)
                0x0000000000000000                . = ALIGN (0x4)
                [!provide]                        PROVIDE (_alt_partition_sram_cntrlr_0_end, ABSOLUTE (.))
                [!provide]                        PROVIDE (_alt_partition_sram_cntrlr_0_load_addr, LOADADDR (.sram_cntrlr_0))

.onchip_memory2_0
                0x000000000020f44c        0x0
                [!provide]                        PROVIDE (_alt_partition_onchip_memory2_0_start, ABSOLUTE (.))
 *(.onchip_memory2_0 .onchip_memory2_0. onchip_memory2_0.*)
                0x000000000020f44c                . = ALIGN (0x4)
                [!provide]                        PROVIDE (_alt_partition_onchip_memory2_0_end, ABSOLUTE (.))
                0x000000000020f44c                _end = ABSOLUTE (.)
                0x000000000020f44c                end = ABSOLUTE (.)
                0x000000000020f44c                __alt_stack_base = ABSOLUTE (.)
                [!provide]                        PROVIDE (_alt_partition_onchip_memory2_0_load_addr, LOADADDR (.onchip_memory2_0))

.descriptor_memory
                0x0000000000210000        0x0 load address 0x000000000020f44c
                [!provide]                        PROVIDE (_alt_partition_descriptor_memory_start, ABSOLUTE (.))
 *(.descriptor_memory .descriptor_memory. descriptor_memory.*)
                0x0000000000210000                . = ALIGN (0x4)
                [!provide]                        PROVIDE (_alt_partition_descriptor_memory_end, ABSOLUTE (.))
                [!provide]                        PROVIDE (_alt_partition_descriptor_memory_load_addr, LOADADDR (.descriptor_memory))

.stab
 *(.stab)

.stabstr
 *(.stabstr)

.stab.excl
 *(.stab.excl)

.stab.exclstr
 *(.stab.exclstr)

.stab.index
 *(.stab.index)

.stab.indexstr
 *(.stab.indexstr)

.comment        0x0000000000000000       0x23
 *(.comment)
 .comment       0x0000000000000000       0x23 obj/default/tcp_socket.o
                                         0x24 (size before relaxing)
 .comment       0x0000000000000023       0x24 obj/default/tcp_webserver.o
 .comment       0x0000000000000023       0x24 c:/intelfpga/18.1/nios2eds/bin/gnu/h-x86_64-mingw32/bin/../lib/gcc/nios2-elf/5.3.0/../../../../../H-x86_64-mingw32/nios2-elf/lib/mno-hw-mul\libsmallc.a(lib_a-memmove.o)
 .comment       0x0000000000000023       0x24 c:/intelfpga/18.1/nios2eds/bin/gnu/h-x86_64-mingw32/bin/../lib/gcc/nios2-elf/5.3.0/../../../../../H-x86_64-mingw32/nios2-elf/lib/mno-hw-mul\libsmallc.a(lib_a-strncmp.o)
 .comment       0x0000000000000023       0x24 ../tcp_webserver_bsp/\libhal_bsp.a(alt_iic.o)
 .comment       0x0000000000000023       0x24 ../tcp_webserver_bsp/\libhal_bsp.a(alt_iic_isr_register.o)
 .comment       0x0000000000000023       0x24 ../tcp_webserver_bsp/\libhal_bsp.a(alt_irq_handler.o)
 .comment       0x0000000000000023       0x24 ../tcp_webserver_bsp/\libhal_bsp.a(alt_irq_vars.o)
 .comment       0x0000000000000023       0x24 ../tcp_webserver_bsp/\libhal_bsp.a(alt_load.o)
 .comment       0x0000000000000023       0x24 ../tcp_webserver_bsp/\libhal_bsp.a(alt_main.o)
 .comment       0x0000000000000023       0x24 ../tcp_webserver_bsp/\libhal_bsp.a(alt_sys_init.o)
 .comment       0x0000000000000023       0x24 ../tcp_webserver_bsp/\libhal_bsp.a(altera_avalon_jtag_uart_fd.o)
 .comment       0x0000000000000023       0x24 ../tcp_webserver_bsp/\libhal_bsp.a(altera_avalon_jtag_uart_read.o)
 .comment       0x0000000000000023       0x24 ../tcp_webserver_bsp/\libhal_bsp.a(altera_avalon_jtag_uart_write.o)
 .comment       0x0000000000000023       0x24 ../tcp_webserver_bsp/\libhal_bsp.a(altera_avalon_lcd_16207.o)
 .comment       0x0000000000000023       0x24 ../tcp_webserver_bsp/\libhal_bsp.a(altera_avalon_sgdma.o)
 .comment       0x0000000000000023       0x24 ../tcp_webserver_bsp/\libhal_bsp.a(altera_avalon_timer_sc.o)
 .comment       0x0000000000000023       0x24 ../tcp_webserver_bsp/\libhal_bsp.a(alt_alarm_start.o)
 .comment       0x0000000000000023       0x24 ../tcp_webserver_bsp/\libhal_bsp.a(alt_close.o)
 .comment       0x0000000000000023       0x24 ../tcp_webserver_bsp/\libhal_bsp.a(alt_dcache_flush.o)
 .comment       0x0000000000000023       0x24 ../tcp_webserver_bsp/\libhal_bsp.a(alt_dcache_flush_all.o)
 .comment       0x0000000000000023       0x24 ../tcp_webserver_bsp/\libhal_bsp.a(alt_dev.o)
 .comment       0x0000000000000023       0x24 ../tcp_webserver_bsp/\libhal_bsp.a(alt_dev_llist_insert.o)
 .comment       0x0000000000000023       0x24 ../tcp_webserver_bsp/\libhal_bsp.a(alt_do_ctors.o)
 .comment       0x0000000000000023       0x24 ../tcp_webserver_bsp/\libhal_bsp.a(alt_do_dtors.o)
 .comment       0x0000000000000023       0x24 ../tcp_webserver_bsp/\libhal_bsp.a(alt_errno.o)
 .comment       0x0000000000000023       0x24 ../tcp_webserver_bsp/\libhal_bsp.a(alt_find_dev.o)
 .comment       0x0000000000000023       0x24 ../tcp_webserver_bsp/\libhal_bsp.a(alt_icache_flush_all.o)
 .comment       0x0000000000000023       0x24 ../tcp_webserver_bsp/\libhal_bsp.a(alt_instruction_exception_entry.o)
 .comment       0x0000000000000023       0x24 ../tcp_webserver_bsp/\libhal_bsp.a(alt_io_redirect.o)
 .comment       0x0000000000000023       0x24 ../tcp_webserver_bsp/\libhal_bsp.a(alt_open.o)
 .comment       0x0000000000000023       0x24 ../tcp_webserver_bsp/\libhal_bsp.a(alt_release_fd.o)
 .comment       0x0000000000000023       0x24 ../tcp_webserver_bsp/\libhal_bsp.a(alt_tick.o)
 .comment       0x0000000000000023       0x24 ../tcp_webserver_bsp/\libhal_bsp.a(alt_usleep.o)
 .comment       0x0000000000000023       0x24 ../tcp_webserver_bsp/\libhal_bsp.a(altera_nios2_gen2_irq.o)
 .comment       0x0000000000000023       0x24 ../tcp_webserver_bsp/\libhal_bsp.a(alt_busy_sleep.o)
 .comment       0x0000000000000023       0x24 ../tcp_webserver_bsp/\libhal_bsp.a(alt_find_file.o)
 .comment       0x0000000000000023       0x24 ../tcp_webserver_bsp/\libhal_bsp.a(alt_get_fd.o)
 .comment       0x0000000000000023       0x24 c:/intelfpga/18.1/nios2eds/bin/gnu/h-x86_64-mingw32/bin/../lib/gcc/nios2-elf/5.3.0/../../../../../H-x86_64-mingw32/nios2-elf/lib/mno-hw-mul\libsmallc.a(lib_a-atexit.o)
 .comment       0x0000000000000023       0x24 c:/intelfpga/18.1/nios2eds/bin/gnu/h-x86_64-mingw32/bin/../lib/gcc/nios2-elf/5.3.0/../../../../../H-x86_64-mingw32/nios2-elf/lib/mno-hw-mul\libsmallc.a(lib_a-ctype_.o)
 .comment       0x0000000000000023       0x24 c:/intelfpga/18.1/nios2eds/bin/gnu/h-x86_64-mingw32/bin/../lib/gcc/nios2-elf/5.3.0/../../../../../H-x86_64-mingw32/nios2-elf/lib/mno-hw-mul\libsmallc.a(lib_a-exit.o)
 .comment       0x0000000000000023       0x24 c:/intelfpga/18.1/nios2eds/bin/gnu/h-x86_64-mingw32/bin/../lib/gcc/nios2-elf/5.3.0/../../../../../H-x86_64-mingw32/nios2-elf/lib/mno-hw-mul\libsmallc.a(lib_a-int_errno.o)
 .comment       0x0000000000000023       0x24 c:/intelfpga/18.1/nios2eds/bin/gnu/h-x86_64-mingw32/bin/../lib/gcc/nios2-elf/5.3.0/../../../../../H-x86_64-mingw32/nios2-elf/lib/mno-hw-mul\libsmallc.a(lib_a-memcmp.o)
 .comment       0x0000000000000023       0x24 c:/intelfpga/18.1/nios2eds/bin/gnu/h-x86_64-mingw32/bin/../lib/gcc/nios2-elf/5.3.0/../../../../../H-x86_64-mingw32/nios2-elf/lib/mno-hw-mul\libsmallc.a(lib_a-memcpy.o)
 .comment       0x0000000000000023       0x24 c:/intelfpga/18.1/nios2eds/bin/gnu/h-x86_64-mingw32/bin/../lib/gcc/nios2-elf/5.3.0/../../../../../H-x86_64-mingw32/nios2-elf/lib/mno-hw-mul\libsmallc.a(lib_a-memset.o)
 .comment       0x0000000000000023       0x24 c:/intelfpga/18.1/nios2eds/bin/gnu/h-x86_64-mingw32/bin/../lib/gcc/nios2-elf/5.3.0/../../../../../H-x86_64-mingw32/nios2-elf/lib/mno-hw-mul\libsmallc.a(lib_a-strlen.o)
 .comment       0x0000000000000023       0x24 c:/intelfpga/18.1/nios2eds/bin/gnu/h-x86_64-mingw32/bin/../lib/gcc/nios2-elf/5.3.0/../../../../../H-x86_64-mingw32/nios2-elf/lib/mno-hw-mul\libsmallc.a(lib_a-__atexit.o)
 .comment       0x0000000000000023       0x24 c:/intelfpga/18.1/nios2eds/bin/gnu/h-x86_64-mingw32/bin/../lib/gcc/nios2-elf/5.3.0/../../../../../H-x86_64-mingw32/nios2-elf/lib/mno-hw-mul\libsmallc.a(lib_a-__call_atexit.o)
 .comment       0x0000000000000023       0x24 c:/intelfpga/18.1/nios2eds/bin/gnu/h-x86_64-mingw32/bin/../lib/gcc/nios2-elf/5.3.0/../../../../../H-x86_64-mingw32/nios2-elf/lib/mno-hw-mul\libsmallc.a(lib_a-impure.o)
 .comment       0x0000000000000023       0x24 c:/intelfpga/18.1/nios2eds/bin/gnu/h-x86_64-mingw32/bin/../lib/gcc/nios2-elf/5.3.0/mno-hw-mul\libgcc.a(lib2-divmod.o)
 .comment       0x0000000000000023       0x24 c:/intelfpga/18.1/nios2eds/bin/gnu/h-x86_64-mingw32/bin/../lib/gcc/nios2-elf/5.3.0/mno-hw-mul\libgcc.a(lib2-mul.o)
 .comment       0x0000000000000023       0x24 ../tcp_webserver_bsp/\libhal_bsp.a(alt_exit.o)

.debug
 *(.debug)

.line
 *(.line)

.debug_srcinfo
 *(.debug_srcinfo)

.debug_sfnames
 *(.debug_sfnames)

.debug_aranges  0x0000000000000000      0x6f0
 *(.debug_aranges)
 .debug_aranges
                0x0000000000000000       0x28 ../tcp_webserver_bsp//obj/HAL/src/crt0.o
 .debug_aranges
                0x0000000000000028       0x20 obj/default/tcp_socket.o
 .debug_aranges
                0x0000000000000048       0x20 obj/default/tcp_webserver.o
 .debug_aranges
                0x0000000000000068       0x20 c:/intelfpga/18.1/nios2eds/bin/gnu/h-x86_64-mingw32/bin/../lib/gcc/nios2-elf/5.3.0/../../../../../H-x86_64-mingw32/nios2-elf/lib/mno-hw-mul\libsmallc.a(lib_a-memmove.o)
 .debug_aranges
                0x0000000000000088       0x20 c:/intelfpga/18.1/nios2eds/bin/gnu/h-x86_64-mingw32/bin/../lib/gcc/nios2-elf/5.3.0/../../../../../H-x86_64-mingw32/nios2-elf/lib/mno-hw-mul\libsmallc.a(lib_a-strncmp.o)
 .debug_aranges
                0x00000000000000a8       0x20 ../tcp_webserver_bsp/\libhal_bsp.a(alt_iic.o)
 .debug_aranges
                0x00000000000000c8       0x20 ../tcp_webserver_bsp/\libhal_bsp.a(alt_iic_isr_register.o)
 .debug_aranges
                0x00000000000000e8       0x30 ../tcp_webserver_bsp/\libhal_bsp.a(alt_irq_entry.o)
 .debug_aranges
                0x0000000000000118       0x20 ../tcp_webserver_bsp/\libhal_bsp.a(alt_irq_handler.o)
 .debug_aranges
                0x0000000000000138       0x18 ../tcp_webserver_bsp/\libhal_bsp.a(alt_irq_vars.o)
 .debug_aranges
                0x0000000000000150       0x20 ../tcp_webserver_bsp/\libhal_bsp.a(alt_load.o)
 .debug_aranges
                0x0000000000000170       0x20 ../tcp_webserver_bsp/\libhal_bsp.a(alt_main.o)
 .debug_aranges
                0x0000000000000190       0x20 ../tcp_webserver_bsp/\libhal_bsp.a(alt_sys_init.o)
 .debug_aranges
                0x00000000000001b0       0x20 ../tcp_webserver_bsp/\libhal_bsp.a(altera_avalon_jtag_uart_fd.o)
 .debug_aranges
                0x00000000000001d0       0x20 ../tcp_webserver_bsp/\libhal_bsp.a(altera_avalon_jtag_uart_read.o)
 .debug_aranges
                0x00000000000001f0       0x20 ../tcp_webserver_bsp/\libhal_bsp.a(altera_avalon_jtag_uart_write.o)
 .debug_aranges
                0x0000000000000210       0x20 ../tcp_webserver_bsp/\libhal_bsp.a(altera_avalon_lcd_16207.o)
 .debug_aranges
                0x0000000000000230       0x20 ../tcp_webserver_bsp/\libhal_bsp.a(altera_avalon_sgdma.o)
 .debug_aranges
                0x0000000000000250       0x20 ../tcp_webserver_bsp/\libhal_bsp.a(altera_avalon_timer_sc.o)
 .debug_aranges
                0x0000000000000270       0x20 ../tcp_webserver_bsp/\libhal_bsp.a(alt_alarm_start.o)
 .debug_aranges
                0x0000000000000290       0x20 ../tcp_webserver_bsp/\libhal_bsp.a(alt_close.o)
 .debug_aranges
                0x00000000000002b0       0x20 ../tcp_webserver_bsp/\libhal_bsp.a(alt_dcache_flush.o)
 .debug_aranges
                0x00000000000002d0       0x20 ../tcp_webserver_bsp/\libhal_bsp.a(alt_dcache_flush_all.o)
 .debug_aranges
                0x00000000000002f0       0x20 ../tcp_webserver_bsp/\libhal_bsp.a(alt_dev.o)
 .debug_aranges
                0x0000000000000310       0x20 ../tcp_webserver_bsp/\libhal_bsp.a(alt_dev_llist_insert.o)
 .debug_aranges
                0x0000000000000330       0x20 ../tcp_webserver_bsp/\libhal_bsp.a(alt_do_ctors.o)
 .debug_aranges
                0x0000000000000350       0x20 ../tcp_webserver_bsp/\libhal_bsp.a(alt_do_dtors.o)
 .debug_aranges
                0x0000000000000370       0x18 ../tcp_webserver_bsp/\libhal_bsp.a(alt_errno.o)
 .debug_aranges
                0x0000000000000388       0x38 ../tcp_webserver_bsp/\libhal_bsp.a(alt_exception_entry.o)
 .debug_aranges
                0x00000000000003c0       0x20 ../tcp_webserver_bsp/\libhal_bsp.a(alt_find_dev.o)
 .debug_aranges
                0x00000000000003e0       0x20 ../tcp_webserver_bsp/\libhal_bsp.a(alt_icache_flush_all.o)
 .debug_aranges
                0x0000000000000400       0x28 ../tcp_webserver_bsp/\libhal_bsp.a(alt_instruction_exception_entry.o)
 .debug_aranges
                0x0000000000000428       0x20 ../tcp_webserver_bsp/\libhal_bsp.a(alt_io_redirect.o)
 .debug_aranges
                0x0000000000000448       0x20 ../tcp_webserver_bsp/\libhal_bsp.a(alt_open.o)
 .debug_aranges
                0x0000000000000468       0x20 ../tcp_webserver_bsp/\libhal_bsp.a(alt_release_fd.o)
 .debug_aranges
                0x0000000000000488       0x20 ../tcp_webserver_bsp/\libhal_bsp.a(alt_tick.o)
 .debug_aranges
                0x00000000000004a8       0x20 ../tcp_webserver_bsp/\libhal_bsp.a(alt_usleep.o)
 .debug_aranges
                0x00000000000004c8       0x20 ../tcp_webserver_bsp/\libhal_bsp.a(altera_nios2_gen2_irq.o)
 .debug_aranges
                0x00000000000004e8       0x20 ../tcp_webserver_bsp/\libhal_bsp.a(alt_busy_sleep.o)
 .debug_aranges
                0x0000000000000508       0x20 ../tcp_webserver_bsp/\libhal_bsp.a(alt_find_file.o)
 .debug_aranges
                0x0000000000000528       0x20 ../tcp_webserver_bsp/\libhal_bsp.a(alt_get_fd.o)
 .debug_aranges
                0x0000000000000548       0x20 c:/intelfpga/18.1/nios2eds/bin/gnu/h-x86_64-mingw32/bin/../lib/gcc/nios2-elf/5.3.0/../../../../../H-x86_64-mingw32/nios2-elf/lib/mno-hw-mul\libsmallc.a(lib_a-atexit.o)
 .debug_aranges
                0x0000000000000568       0x18 c:/intelfpga/18.1/nios2eds/bin/gnu/h-x86_64-mingw32/bin/../lib/gcc/nios2-elf/5.3.0/../../../../../H-x86_64-mingw32/nios2-elf/lib/mno-hw-mul\libsmallc.a(lib_a-ctype_.o)
 .debug_aranges
                0x0000000000000580       0x20 c:/intelfpga/18.1/nios2eds/bin/gnu/h-x86_64-mingw32/bin/../lib/gcc/nios2-elf/5.3.0/../../../../../H-x86_64-mingw32/nios2-elf/lib/mno-hw-mul\libsmallc.a(lib_a-exit.o)
 .debug_aranges
                0x00000000000005a0       0x18 c:/intelfpga/18.1/nios2eds/bin/gnu/h-x86_64-mingw32/bin/../lib/gcc/nios2-elf/5.3.0/../../../../../H-x86_64-mingw32/nios2-elf/lib/mno-hw-mul\libsmallc.a(lib_a-int_errno.o)
 .debug_aranges
                0x00000000000005b8       0x20 c:/intelfpga/18.1/nios2eds/bin/gnu/h-x86_64-mingw32/bin/../lib/gcc/nios2-elf/5.3.0/../../../../../H-x86_64-mingw32/nios2-elf/lib/mno-hw-mul\libsmallc.a(lib_a-memcmp.o)
 .debug_aranges
                0x00000000000005d8       0x20 c:/intelfpga/18.1/nios2eds/bin/gnu/h-x86_64-mingw32/bin/../lib/gcc/nios2-elf/5.3.0/../../../../../H-x86_64-mingw32/nios2-elf/lib/mno-hw-mul\libsmallc.a(lib_a-memcpy.o)
 .debug_aranges
                0x00000000000005f8       0x20 c:/intelfpga/18.1/nios2eds/bin/gnu/h-x86_64-mingw32/bin/../lib/gcc/nios2-elf/5.3.0/../../../../../H-x86_64-mingw32/nios2-elf/lib/mno-hw-mul\libsmallc.a(lib_a-memset.o)
 .debug_aranges
                0x0000000000000618       0x20 c:/intelfpga/18.1/nios2eds/bin/gnu/h-x86_64-mingw32/bin/../lib/gcc/nios2-elf/5.3.0/../../../../../H-x86_64-mingw32/nios2-elf/lib/mno-hw-mul\libsmallc.a(lib_a-strlen.o)
 .debug_aranges
                0x0000000000000638       0x20 c:/intelfpga/18.1/nios2eds/bin/gnu/h-x86_64-mingw32/bin/../lib/gcc/nios2-elf/5.3.0/../../../../../H-x86_64-mingw32/nios2-elf/lib/mno-hw-mul\libsmallc.a(lib_a-__atexit.o)
 .debug_aranges
                0x0000000000000658       0x20 c:/intelfpga/18.1/nios2eds/bin/gnu/h-x86_64-mingw32/bin/../lib/gcc/nios2-elf/5.3.0/../../../../../H-x86_64-mingw32/nios2-elf/lib/mno-hw-mul\libsmallc.a(lib_a-__call_atexit.o)
 .debug_aranges
                0x0000000000000678       0x18 c:/intelfpga/18.1/nios2eds/bin/gnu/h-x86_64-mingw32/bin/../lib/gcc/nios2-elf/5.3.0/../../../../../H-x86_64-mingw32/nios2-elf/lib/mno-hw-mul\libsmallc.a(lib_a-impure.o)
 .debug_aranges
                0x0000000000000690       0x20 c:/intelfpga/18.1/nios2eds/bin/gnu/h-x86_64-mingw32/bin/../lib/gcc/nios2-elf/5.3.0/mno-hw-mul\libgcc.a(lib2-divmod.o)
 .debug_aranges
                0x00000000000006b0       0x20 c:/intelfpga/18.1/nios2eds/bin/gnu/h-x86_64-mingw32/bin/../lib/gcc/nios2-elf/5.3.0/mno-hw-mul\libgcc.a(lib2-mul.o)
 .debug_aranges
                0x00000000000006d0       0x20 ../tcp_webserver_bsp/\libhal_bsp.a(alt_exit.o)

.debug_pubnames
 *(.debug_pubnames)

.debug_info     0x0000000000000000     0x877d
 *(.debug_info .gnu.linkonce.wi.*)
 .debug_info    0x0000000000000000       0x6f ../tcp_webserver_bsp//obj/HAL/src/crt0.o
 .debug_info    0x000000000000006f      0xd11 obj/default/tcp_socket.o
 .debug_info    0x0000000000000d80      0x5b8 obj/default/tcp_webserver.o
 .debug_info    0x0000000000001338      0x10b c:/intelfpga/18.1/nios2eds/bin/gnu/h-x86_64-mingw32/bin/../lib/gcc/nios2-elf/5.3.0/../../../../../H-x86_64-mingw32/nios2-elf/lib/mno-hw-mul\libsmallc.a(lib_a-memmove.o)
 .debug_info    0x0000000000001443       0xd6 c:/intelfpga/18.1/nios2eds/bin/gnu/h-x86_64-mingw32/bin/../lib/gcc/nios2-elf/5.3.0/../../../../../H-x86_64-mingw32/nios2-elf/lib/mno-hw-mul\libsmallc.a(lib_a-strncmp.o)
 .debug_info    0x0000000000001519      0x350 ../tcp_webserver_bsp/\libhal_bsp.a(alt_iic.o)
 .debug_info    0x0000000000001869      0x1ef ../tcp_webserver_bsp/\libhal_bsp.a(alt_iic_isr_register.o)
 .debug_info    0x0000000000001a58       0x78 ../tcp_webserver_bsp/\libhal_bsp.a(alt_irq_entry.o)
 .debug_info    0x0000000000001ad0      0x187 ../tcp_webserver_bsp/\libhal_bsp.a(alt_irq_handler.o)
 .debug_info    0x0000000000001c57       0x88 ../tcp_webserver_bsp/\libhal_bsp.a(alt_irq_vars.o)
 .debug_info    0x0000000000001cdf      0x145 ../tcp_webserver_bsp/\libhal_bsp.a(alt_load.o)
 .debug_info    0x0000000000001e24      0x131 ../tcp_webserver_bsp/\libhal_bsp.a(alt_main.o)
 .debug_info    0x0000000000001f55      0x574 ../tcp_webserver_bsp/\libhal_bsp.a(alt_sys_init.o)
 .debug_info    0x00000000000024c9      0x3a7 ../tcp_webserver_bsp/\libhal_bsp.a(altera_avalon_jtag_uart_fd.o)
 .debug_info    0x0000000000002870      0x1b2 ../tcp_webserver_bsp/\libhal_bsp.a(altera_avalon_jtag_uart_read.o)
 .debug_info    0x0000000000002a22      0x195 ../tcp_webserver_bsp/\libhal_bsp.a(altera_avalon_jtag_uart_write.o)
 .debug_info    0x0000000000002bb7      0x6d1 ../tcp_webserver_bsp/\libhal_bsp.a(altera_avalon_lcd_16207.o)
 .debug_info    0x0000000000003288      0xa82 ../tcp_webserver_bsp/\libhal_bsp.a(altera_avalon_sgdma.o)
 .debug_info    0x0000000000003d0a      0x226 ../tcp_webserver_bsp/\libhal_bsp.a(altera_avalon_timer_sc.o)
 .debug_info    0x0000000000003f30      0x2cc ../tcp_webserver_bsp/\libhal_bsp.a(alt_alarm_start.o)
 .debug_info    0x00000000000041fc      0x321 ../tcp_webserver_bsp/\libhal_bsp.a(alt_close.o)
 .debug_info    0x000000000000451d       0xbc ../tcp_webserver_bsp/\libhal_bsp.a(alt_dcache_flush.o)
 .debug_info    0x00000000000045d9       0x92 ../tcp_webserver_bsp/\libhal_bsp.a(alt_dcache_flush_all.o)
 .debug_info    0x000000000000466b      0x49c ../tcp_webserver_bsp/\libhal_bsp.a(alt_dev.o)
 .debug_info    0x0000000000004b07      0x1a9 ../tcp_webserver_bsp/\libhal_bsp.a(alt_dev_llist_insert.o)
 .debug_info    0x0000000000004cb0       0x83 ../tcp_webserver_bsp/\libhal_bsp.a(alt_do_ctors.o)
 .debug_info    0x0000000000004d33       0x83 ../tcp_webserver_bsp/\libhal_bsp.a(alt_do_dtors.o)
 .debug_info    0x0000000000004db6       0xa6 ../tcp_webserver_bsp/\libhal_bsp.a(alt_errno.o)
 .debug_info    0x0000000000004e5c       0x7e ../tcp_webserver_bsp/\libhal_bsp.a(alt_exception_entry.o)
 .debug_info    0x0000000000004eda      0x2e9 ../tcp_webserver_bsp/\libhal_bsp.a(alt_find_dev.o)
 .debug_info    0x00000000000051c3       0x92 ../tcp_webserver_bsp/\libhal_bsp.a(alt_icache_flush_all.o)
 .debug_info    0x0000000000005255      0x1e7 ../tcp_webserver_bsp/\libhal_bsp.a(alt_instruction_exception_entry.o)
 .debug_info    0x000000000000543c      0x4a5 ../tcp_webserver_bsp/\libhal_bsp.a(alt_io_redirect.o)
 .debug_info    0x00000000000058e1      0x3bb ../tcp_webserver_bsp/\libhal_bsp.a(alt_open.o)
 .debug_info    0x0000000000005c9c      0x2b0 ../tcp_webserver_bsp/\libhal_bsp.a(alt_release_fd.o)
 .debug_info    0x0000000000005f4c      0x299 ../tcp_webserver_bsp/\libhal_bsp.a(alt_tick.o)
 .debug_info    0x00000000000061e5       0xb0 ../tcp_webserver_bsp/\libhal_bsp.a(alt_usleep.o)
 .debug_info    0x0000000000006295       0x92 ../tcp_webserver_bsp/\libhal_bsp.a(altera_nios2_gen2_irq.o)
 .debug_info    0x0000000000006327       0xd7 ../tcp_webserver_bsp/\libhal_bsp.a(alt_busy_sleep.o)
 .debug_info    0x00000000000063fe      0x2e6 ../tcp_webserver_bsp/\libhal_bsp.a(alt_find_file.o)
 .debug_info    0x00000000000066e4      0x310 ../tcp_webserver_bsp/\libhal_bsp.a(alt_get_fd.o)
 .debug_info    0x00000000000069f4       0xfe c:/intelfpga/18.1/nios2eds/bin/gnu/h-x86_64-mingw32/bin/../lib/gcc/nios2-elf/5.3.0/../../../../../H-x86_64-mingw32/nios2-elf/lib/mno-hw-mul\libsmallc.a(lib_a-atexit.o)
 .debug_info    0x0000000000006af2       0x96 c:/intelfpga/18.1/nios2eds/bin/gnu/h-x86_64-mingw32/bin/../lib/gcc/nios2-elf/5.3.0/../../../../../H-x86_64-mingw32/nios2-elf/lib/mno-hw-mul\libsmallc.a(lib_a-ctype_.o)
 .debug_info    0x0000000000006b88       0xe5 c:/intelfpga/18.1/nios2eds/bin/gnu/h-x86_64-mingw32/bin/../lib/gcc/nios2-elf/5.3.0/../../../../../H-x86_64-mingw32/nios2-elf/lib/mno-hw-mul\libsmallc.a(lib_a-exit.o)
 .debug_info    0x0000000000006c6d       0x8a c:/intelfpga/18.1/nios2eds/bin/gnu/h-x86_64-mingw32/bin/../lib/gcc/nios2-elf/5.3.0/../../../../../H-x86_64-mingw32/nios2-elf/lib/mno-hw-mul\libsmallc.a(lib_a-int_errno.o)
 .debug_info    0x0000000000006cf7       0xf4 c:/intelfpga/18.1/nios2eds/bin/gnu/h-x86_64-mingw32/bin/../lib/gcc/nios2-elf/5.3.0/../../../../../H-x86_64-mingw32/nios2-elf/lib/mno-hw-mul\libsmallc.a(lib_a-memcmp.o)
 .debug_info    0x0000000000006deb      0x119 c:/intelfpga/18.1/nios2eds/bin/gnu/h-x86_64-mingw32/bin/../lib/gcc/nios2-elf/5.3.0/../../../../../H-x86_64-mingw32/nios2-elf/lib/mno-hw-mul\libsmallc.a(lib_a-memcpy.o)
 .debug_info    0x0000000000006f04       0xdc c:/intelfpga/18.1/nios2eds/bin/gnu/h-x86_64-mingw32/bin/../lib/gcc/nios2-elf/5.3.0/../../../../../H-x86_64-mingw32/nios2-elf/lib/mno-hw-mul\libsmallc.a(lib_a-memset.o)
 .debug_info    0x0000000000006fe0       0xc9 c:/intelfpga/18.1/nios2eds/bin/gnu/h-x86_64-mingw32/bin/../lib/gcc/nios2-elf/5.3.0/../../../../../H-x86_64-mingw32/nios2-elf/lib/mno-hw-mul\libsmallc.a(lib_a-strlen.o)
 .debug_info    0x00000000000070a9      0x64a c:/intelfpga/18.1/nios2eds/bin/gnu/h-x86_64-mingw32/bin/../lib/gcc/nios2-elf/5.3.0/../../../../../H-x86_64-mingw32/nios2-elf/lib/mno-hw-mul\libsmallc.a(lib_a-__atexit.o)
 .debug_info    0x00000000000076f3      0x67b c:/intelfpga/18.1/nios2eds/bin/gnu/h-x86_64-mingw32/bin/../lib/gcc/nios2-elf/5.3.0/../../../../../H-x86_64-mingw32/nios2-elf/lib/mno-hw-mul\libsmallc.a(lib_a-__call_atexit.o)
 .debug_info    0x0000000000007d6e      0x5a9 c:/intelfpga/18.1/nios2eds/bin/gnu/h-x86_64-mingw32/bin/../lib/gcc/nios2-elf/5.3.0/../../../../../H-x86_64-mingw32/nios2-elf/lib/mno-hw-mul\libsmallc.a(lib_a-impure.o)
 .debug_info    0x0000000000008317      0x2c6 c:/intelfpga/18.1/nios2eds/bin/gnu/h-x86_64-mingw32/bin/../lib/gcc/nios2-elf/5.3.0/mno-hw-mul\libgcc.a(lib2-divmod.o)
 .debug_info    0x00000000000085dd       0xb4 c:/intelfpga/18.1/nios2eds/bin/gnu/h-x86_64-mingw32/bin/../lib/gcc/nios2-elf/5.3.0/mno-hw-mul\libgcc.a(lib2-mul.o)
 .debug_info    0x0000000000008691       0xec ../tcp_webserver_bsp/\libhal_bsp.a(alt_exit.o)

.debug_abbrev   0x0000000000000000     0x3004
 *(.debug_abbrev)
 .debug_abbrev  0x0000000000000000       0x12 ../tcp_webserver_bsp//obj/HAL/src/crt0.o
 .debug_abbrev  0x0000000000000012      0x29d obj/default/tcp_socket.o
 .debug_abbrev  0x00000000000002af      0x163 obj/default/tcp_webserver.o
 .debug_abbrev  0x0000000000000412       0x8d c:/intelfpga/18.1/nios2eds/bin/gnu/h-x86_64-mingw32/bin/../lib/gcc/nios2-elf/5.3.0/../../../../../H-x86_64-mingw32/nios2-elf/lib/mno-hw-mul\libsmallc.a(lib_a-memmove.o)
 .debug_abbrev  0x000000000000049f       0x70 c:/intelfpga/18.1/nios2eds/bin/gnu/h-x86_64-mingw32/bin/../lib/gcc/nios2-elf/5.3.0/../../../../../H-x86_64-mingw32/nios2-elf/lib/mno-hw-mul\libsmallc.a(lib_a-strncmp.o)
 .debug_abbrev  0x000000000000050f      0x163 ../tcp_webserver_bsp/\libhal_bsp.a(alt_iic.o)
 .debug_abbrev  0x0000000000000672      0x169 ../tcp_webserver_bsp/\libhal_bsp.a(alt_iic_isr_register.o)
 .debug_abbrev  0x00000000000007db       0x12 ../tcp_webserver_bsp/\libhal_bsp.a(alt_irq_entry.o)
 .debug_abbrev  0x00000000000007ed      0x122 ../tcp_webserver_bsp/\libhal_bsp.a(alt_irq_handler.o)
 .debug_abbrev  0x000000000000090f       0x40 ../tcp_webserver_bsp/\libhal_bsp.a(alt_irq_vars.o)
 .debug_abbrev  0x000000000000094f       0x9f ../tcp_webserver_bsp/\libhal_bsp.a(alt_load.o)
 .debug_abbrev  0x00000000000009ee       0xba ../tcp_webserver_bsp/\libhal_bsp.a(alt_main.o)
 .debug_abbrev  0x0000000000000aa8      0x160 ../tcp_webserver_bsp/\libhal_bsp.a(alt_sys_init.o)
 .debug_abbrev  0x0000000000000c08       0xf7 ../tcp_webserver_bsp/\libhal_bsp.a(altera_avalon_jtag_uart_fd.o)
 .debug_abbrev  0x0000000000000cff       0xd5 ../tcp_webserver_bsp/\libhal_bsp.a(altera_avalon_jtag_uart_read.o)
 .debug_abbrev  0x0000000000000dd4       0xd5 ../tcp_webserver_bsp/\libhal_bsp.a(altera_avalon_jtag_uart_write.o)
 .debug_abbrev  0x0000000000000ea9      0x20f ../tcp_webserver_bsp/\libhal_bsp.a(altera_avalon_lcd_16207.o)
 .debug_abbrev  0x00000000000010b8      0x279 ../tcp_webserver_bsp/\libhal_bsp.a(altera_avalon_sgdma.o)
 .debug_abbrev  0x0000000000001331      0x155 ../tcp_webserver_bsp/\libhal_bsp.a(altera_avalon_timer_sc.o)
 .debug_abbrev  0x0000000000001486      0x162 ../tcp_webserver_bsp/\libhal_bsp.a(alt_alarm_start.o)
 .debug_abbrev  0x00000000000015e8      0x11f ../tcp_webserver_bsp/\libhal_bsp.a(alt_close.o)
 .debug_abbrev  0x0000000000001707       0x74 ../tcp_webserver_bsp/\libhal_bsp.a(alt_dcache_flush.o)
 .debug_abbrev  0x000000000000177b       0x42 ../tcp_webserver_bsp/\libhal_bsp.a(alt_dcache_flush_all.o)
 .debug_abbrev  0x00000000000017bd       0xd9 ../tcp_webserver_bsp/\libhal_bsp.a(alt_dev.o)
 .debug_abbrev  0x0000000000001896      0x114 ../tcp_webserver_bsp/\libhal_bsp.a(alt_dev_llist_insert.o)
 .debug_abbrev  0x00000000000019aa       0x79 ../tcp_webserver_bsp/\libhal_bsp.a(alt_do_ctors.o)
 .debug_abbrev  0x0000000000001a23       0x79 ../tcp_webserver_bsp/\libhal_bsp.a(alt_do_dtors.o)
 .debug_abbrev  0x0000000000001a9c       0x5a ../tcp_webserver_bsp/\libhal_bsp.a(alt_errno.o)
 .debug_abbrev  0x0000000000001af6       0x12 ../tcp_webserver_bsp/\libhal_bsp.a(alt_exception_entry.o)
 .debug_abbrev  0x0000000000001b08       0xf0 ../tcp_webserver_bsp/\libhal_bsp.a(alt_find_dev.o)
 .debug_abbrev  0x0000000000001bf8       0x42 ../tcp_webserver_bsp/\libhal_bsp.a(alt_icache_flush_all.o)
 .debug_abbrev  0x0000000000001c3a       0xdc ../tcp_webserver_bsp/\libhal_bsp.a(alt_instruction_exception_entry.o)
 .debug_abbrev  0x0000000000001d16      0x114 ../tcp_webserver_bsp/\libhal_bsp.a(alt_io_redirect.o)
 .debug_abbrev  0x0000000000001e2a      0x148 ../tcp_webserver_bsp/\libhal_bsp.a(alt_open.o)
 .debug_abbrev  0x0000000000001f72       0xde ../tcp_webserver_bsp/\libhal_bsp.a(alt_release_fd.o)
 .debug_abbrev  0x0000000000002050      0x15a ../tcp_webserver_bsp/\libhal_bsp.a(alt_tick.o)
 .debug_abbrev  0x00000000000021aa       0x60 ../tcp_webserver_bsp/\libhal_bsp.a(alt_usleep.o)
 .debug_abbrev  0x000000000000220a       0x42 ../tcp_webserver_bsp/\libhal_bsp.a(altera_nios2_gen2_irq.o)
 .debug_abbrev  0x000000000000224c       0x7e ../tcp_webserver_bsp/\libhal_bsp.a(alt_busy_sleep.o)
 .debug_abbrev  0x00000000000022ca       0xf0 ../tcp_webserver_bsp/\libhal_bsp.a(alt_find_file.o)
 .debug_abbrev  0x00000000000023ba      0x10d ../tcp_webserver_bsp/\libhal_bsp.a(alt_get_fd.o)
 .debug_abbrev  0x00000000000024c7       0xaa c:/intelfpga/18.1/nios2eds/bin/gnu/h-x86_64-mingw32/bin/../lib/gcc/nios2-elf/5.3.0/../../../../../H-x86_64-mingw32/nios2-elf/lib/mno-hw-mul\libsmallc.a(lib_a-atexit.o)
 .debug_abbrev  0x0000000000002571       0x5d c:/intelfpga/18.1/nios2eds/bin/gnu/h-x86_64-mingw32/bin/../lib/gcc/nios2-elf/5.3.0/../../../../../H-x86_64-mingw32/nios2-elf/lib/mno-hw-mul\libsmallc.a(lib_a-ctype_.o)
 .debug_abbrev  0x00000000000025ce       0x8b c:/intelfpga/18.1/nios2eds/bin/gnu/h-x86_64-mingw32/bin/../lib/gcc/nios2-elf/5.3.0/../../../../../H-x86_64-mingw32/nios2-elf/lib/mno-hw-mul\libsmallc.a(lib_a-exit.o)
 .debug_abbrev  0x0000000000002659       0x37 c:/intelfpga/18.1/nios2eds/bin/gnu/h-x86_64-mingw32/bin/../lib/gcc/nios2-elf/5.3.0/../../../../../H-x86_64-mingw32/nios2-elf/lib/mno-hw-mul\libsmallc.a(lib_a-int_errno.o)
 .debug_abbrev  0x0000000000002690       0x7f c:/intelfpga/18.1/nios2eds/bin/gnu/h-x86_64-mingw32/bin/../lib/gcc/nios2-elf/5.3.0/../../../../../H-x86_64-mingw32/nios2-elf/lib/mno-hw-mul\libsmallc.a(lib_a-memcmp.o)
 .debug_abbrev  0x000000000000270f       0x9c c:/intelfpga/18.1/nios2eds/bin/gnu/h-x86_64-mingw32/bin/../lib/gcc/nios2-elf/5.3.0/../../../../../H-x86_64-mingw32/nios2-elf/lib/mno-hw-mul\libsmallc.a(lib_a-memcpy.o)
 .debug_abbrev  0x00000000000027ab       0x8e c:/intelfpga/18.1/nios2eds/bin/gnu/h-x86_64-mingw32/bin/../lib/gcc/nios2-elf/5.3.0/../../../../../H-x86_64-mingw32/nios2-elf/lib/mno-hw-mul\libsmallc.a(lib_a-memset.o)
 .debug_abbrev  0x0000000000002839       0x7f c:/intelfpga/18.1/nios2eds/bin/gnu/h-x86_64-mingw32/bin/../lib/gcc/nios2-elf/5.3.0/../../../../../H-x86_64-mingw32/nios2-elf/lib/mno-hw-mul\libsmallc.a(lib_a-strlen.o)
 .debug_abbrev  0x00000000000028b8      0x1e6 c:/intelfpga/18.1/nios2eds/bin/gnu/h-x86_64-mingw32/bin/../lib/gcc/nios2-elf/5.3.0/../../../../../H-x86_64-mingw32/nios2-elf/lib/mno-hw-mul\libsmallc.a(lib_a-__atexit.o)
 .debug_abbrev  0x0000000000002a9e      0x1f6 c:/intelfpga/18.1/nios2eds/bin/gnu/h-x86_64-mingw32/bin/../lib/gcc/nios2-elf/5.3.0/../../../../../H-x86_64-mingw32/nios2-elf/lib/mno-hw-mul\libsmallc.a(lib_a-__call_atexit.o)
 .debug_abbrev  0x0000000000002c94      0x14a c:/intelfpga/18.1/nios2eds/bin/gnu/h-x86_64-mingw32/bin/../lib/gcc/nios2-elf/5.3.0/../../../../../H-x86_64-mingw32/nios2-elf/lib/mno-hw-mul\libsmallc.a(lib_a-impure.o)
 .debug_abbrev  0x0000000000002dde      0x10e c:/intelfpga/18.1/nios2eds/bin/gnu/h-x86_64-mingw32/bin/../lib/gcc/nios2-elf/5.3.0/mno-hw-mul\libgcc.a(lib2-divmod.o)
 .debug_abbrev  0x0000000000002eec       0x6f c:/intelfpga/18.1/nios2eds/bin/gnu/h-x86_64-mingw32/bin/../lib/gcc/nios2-elf/5.3.0/mno-hw-mul\libgcc.a(lib2-mul.o)
 .debug_abbrev  0x0000000000002f5b       0xa9 ../tcp_webserver_bsp/\libhal_bsp.a(alt_exit.o)

.debug_line     0x0000000000000000     0x387b
 *(.debug_line)
 .debug_line    0x0000000000000000       0x66 ../tcp_webserver_bsp//obj/HAL/src/crt0.o
 .debug_line    0x0000000000000066      0x3c3 obj/default/tcp_socket.o
 .debug_line    0x0000000000000429      0x1a2 obj/default/tcp_webserver.o
 .debug_line    0x00000000000005cb      0x16b c:/intelfpga/18.1/nios2eds/bin/gnu/h-x86_64-mingw32/bin/../lib/gcc/nios2-elf/5.3.0/../../../../../H-x86_64-mingw32/nios2-elf/lib/mno-hw-mul\libsmallc.a(lib_a-memmove.o)
 .debug_line    0x0000000000000736      0x16f c:/intelfpga/18.1/nios2eds/bin/gnu/h-x86_64-mingw32/bin/../lib/gcc/nios2-elf/5.3.0/../../../../../H-x86_64-mingw32/nios2-elf/lib/mno-hw-mul\libsmallc.a(lib_a-strncmp.o)
 .debug_line    0x00000000000008a5       0xeb ../tcp_webserver_bsp/\libhal_bsp.a(alt_iic.o)
 .debug_line    0x0000000000000990       0xdb ../tcp_webserver_bsp/\libhal_bsp.a(alt_iic_isr_register.o)
 .debug_line    0x0000000000000a6b       0x6b ../tcp_webserver_bsp/\libhal_bsp.a(alt_irq_entry.o)
 .debug_line    0x0000000000000ad6       0xaa ../tcp_webserver_bsp/\libhal_bsp.a(alt_irq_handler.o)
 .debug_line    0x0000000000000b80       0x50 ../tcp_webserver_bsp/\libhal_bsp.a(alt_irq_vars.o)
 .debug_line    0x0000000000000bd0       0x8e ../tcp_webserver_bsp/\libhal_bsp.a(alt_load.o)
 .debug_line    0x0000000000000c5e       0xa4 ../tcp_webserver_bsp/\libhal_bsp.a(alt_main.o)
 .debug_line    0x0000000000000d02      0x184 ../tcp_webserver_bsp/\libhal_bsp.a(alt_sys_init.o)
 .debug_line    0x0000000000000e86      0x112 ../tcp_webserver_bsp/\libhal_bsp.a(altera_avalon_jtag_uart_fd.o)
 .debug_line    0x0000000000000f98       0xfd ../tcp_webserver_bsp/\libhal_bsp.a(altera_avalon_jtag_uart_read.o)
 .debug_line    0x0000000000001095       0xf4 ../tcp_webserver_bsp/\libhal_bsp.a(altera_avalon_jtag_uart_write.o)
 .debug_line    0x0000000000001189      0x340 ../tcp_webserver_bsp/\libhal_bsp.a(altera_avalon_lcd_16207.o)
 .debug_line    0x00000000000014c9      0x2ba ../tcp_webserver_bsp/\libhal_bsp.a(altera_avalon_sgdma.o)
 .debug_line    0x0000000000001783       0xfd ../tcp_webserver_bsp/\libhal_bsp.a(altera_avalon_timer_sc.o)
 .debug_line    0x0000000000001880       0xf9 ../tcp_webserver_bsp/\libhal_bsp.a(alt_alarm_start.o)
 .debug_line    0x0000000000001979      0x160 ../tcp_webserver_bsp/\libhal_bsp.a(alt_close.o)
 .debug_line    0x0000000000001ad9       0x67 ../tcp_webserver_bsp/\libhal_bsp.a(alt_dcache_flush.o)
 .debug_line    0x0000000000001b40       0x51 ../tcp_webserver_bsp/\libhal_bsp.a(alt_dcache_flush_all.o)
 .debug_line    0x0000000000001b91       0xf3 ../tcp_webserver_bsp/\libhal_bsp.a(alt_dev.o)
 .debug_line    0x0000000000001c84       0xcf ../tcp_webserver_bsp/\libhal_bsp.a(alt_dev_llist_insert.o)
 .debug_line    0x0000000000001d53       0x59 ../tcp_webserver_bsp/\libhal_bsp.a(alt_do_ctors.o)
 .debug_line    0x0000000000001dac       0x59 ../tcp_webserver_bsp/\libhal_bsp.a(alt_do_dtors.o)
 .debug_line    0x0000000000001e05       0x51 ../tcp_webserver_bsp/\libhal_bsp.a(alt_errno.o)
 .debug_line    0x0000000000001e56       0xb3 ../tcp_webserver_bsp/\libhal_bsp.a(alt_exception_entry.o)
 .debug_line    0x0000000000001f09       0xb5 ../tcp_webserver_bsp/\libhal_bsp.a(alt_find_dev.o)
 .debug_line    0x0000000000001fbe       0x4f ../tcp_webserver_bsp/\libhal_bsp.a(alt_icache_flush_all.o)
 .debug_line    0x000000000000200d       0xb9 ../tcp_webserver_bsp/\libhal_bsp.a(alt_instruction_exception_entry.o)
 .debug_line    0x00000000000020c6      0x130 ../tcp_webserver_bsp/\libhal_bsp.a(alt_io_redirect.o)
 .debug_line    0x00000000000021f6      0x12b ../tcp_webserver_bsp/\libhal_bsp.a(alt_open.o)
 .debug_line    0x0000000000002321       0xb0 ../tcp_webserver_bsp/\libhal_bsp.a(alt_release_fd.o)
 .debug_line    0x00000000000023d1       0xff ../tcp_webserver_bsp/\libhal_bsp.a(alt_tick.o)
 .debug_line    0x00000000000024d0       0xa8 ../tcp_webserver_bsp/\libhal_bsp.a(alt_usleep.o)
 .debug_line    0x0000000000002578       0x51 ../tcp_webserver_bsp/\libhal_bsp.a(altera_nios2_gen2_irq.o)
 .debug_line    0x00000000000025c9       0xa2 ../tcp_webserver_bsp/\libhal_bsp.a(alt_busy_sleep.o)
 .debug_line    0x000000000000266b       0xd1 ../tcp_webserver_bsp/\libhal_bsp.a(alt_find_file.o)
 .debug_line    0x000000000000273c       0xd7 ../tcp_webserver_bsp/\libhal_bsp.a(alt_get_fd.o)
 .debug_line    0x0000000000002813       0xe7 c:/intelfpga/18.1/nios2eds/bin/gnu/h-x86_64-mingw32/bin/../lib/gcc/nios2-elf/5.3.0/../../../../../H-x86_64-mingw32/nios2-elf/lib/mno-hw-mul\libsmallc.a(lib_a-atexit.o)
 .debug_line    0x00000000000028fa       0xc7 c:/intelfpga/18.1/nios2eds/bin/gnu/h-x86_64-mingw32/bin/../lib/gcc/nios2-elf/5.3.0/../../../../../H-x86_64-mingw32/nios2-elf/lib/mno-hw-mul\libsmallc.a(lib_a-ctype_.o)
 .debug_line    0x00000000000029c1      0x159 c:/intelfpga/18.1/nios2eds/bin/gnu/h-x86_64-mingw32/bin/../lib/gcc/nios2-elf/5.3.0/../../../../../H-x86_64-mingw32/nios2-elf/lib/mno-hw-mul\libsmallc.a(lib_a-exit.o)
 .debug_line    0x0000000000002b1a       0x5f c:/intelfpga/18.1/nios2eds/bin/gnu/h-x86_64-mingw32/bin/../lib/gcc/nios2-elf/5.3.0/../../../../../H-x86_64-mingw32/nios2-elf/lib/mno-hw-mul\libsmallc.a(lib_a-int_errno.o)
 .debug_line    0x0000000000002b79      0x160 c:/intelfpga/18.1/nios2eds/bin/gnu/h-x86_64-mingw32/bin/../lib/gcc/nios2-elf/5.3.0/../../../../../H-x86_64-mingw32/nios2-elf/lib/mno-hw-mul\libsmallc.a(lib_a-memcmp.o)
 .debug_line    0x0000000000002cd9      0x15e c:/intelfpga/18.1/nios2eds/bin/gnu/h-x86_64-mingw32/bin/../lib/gcc/nios2-elf/5.3.0/../../../../../H-x86_64-mingw32/nios2-elf/lib/mno-hw-mul\libsmallc.a(lib_a-memcpy.o)
 .debug_line    0x0000000000002e37      0x15d c:/intelfpga/18.1/nios2eds/bin/gnu/h-x86_64-mingw32/bin/../lib/gcc/nios2-elf/5.3.0/../../../../../H-x86_64-mingw32/nios2-elf/lib/mno-hw-mul\libsmallc.a(lib_a-memset.o)
 .debug_line    0x0000000000002f94      0x15c c:/intelfpga/18.1/nios2eds/bin/gnu/h-x86_64-mingw32/bin/../lib/gcc/nios2-elf/5.3.0/../../../../../H-x86_64-mingw32/nios2-elf/lib/mno-hw-mul\libsmallc.a(lib_a-strlen.o)
 .debug_line    0x00000000000030f0      0x20d c:/intelfpga/18.1/nios2eds/bin/gnu/h-x86_64-mingw32/bin/../lib/gcc/nios2-elf/5.3.0/../../../../../H-x86_64-mingw32/nios2-elf/lib/mno-hw-mul\libsmallc.a(lib_a-__atexit.o)
 .debug_line    0x00000000000032fd      0x232 c:/intelfpga/18.1/nios2eds/bin/gnu/h-x86_64-mingw32/bin/../lib/gcc/nios2-elf/5.3.0/../../../../../H-x86_64-mingw32/nios2-elf/lib/mno-hw-mul\libsmallc.a(lib_a-__call_atexit.o)
 .debug_line    0x000000000000352f      0x156 c:/intelfpga/18.1/nios2eds/bin/gnu/h-x86_64-mingw32/bin/../lib/gcc/nios2-elf/5.3.0/../../../../../H-x86_64-mingw32/nios2-elf/lib/mno-hw-mul\libsmallc.a(lib_a-impure.o)
 .debug_line    0x0000000000003685      0x105 c:/intelfpga/18.1/nios2eds/bin/gnu/h-x86_64-mingw32/bin/../lib/gcc/nios2-elf/5.3.0/mno-hw-mul\libgcc.a(lib2-divmod.o)
 .debug_line    0x000000000000378a       0x80 c:/intelfpga/18.1/nios2eds/bin/gnu/h-x86_64-mingw32/bin/../lib/gcc/nios2-elf/5.3.0/mno-hw-mul\libgcc.a(lib2-mul.o)
 .debug_line    0x000000000000380a       0x71 ../tcp_webserver_bsp/\libhal_bsp.a(alt_exit.o)

.debug_frame    0x0000000000000000     0x1270
 *(.debug_frame)
 .debug_frame   0x0000000000000000      0x27c obj/default/tcp_socket.o
 .debug_frame   0x000000000000027c       0x58 obj/default/tcp_webserver.o
 .debug_frame   0x00000000000002d4       0x20 c:/intelfpga/18.1/nios2eds/bin/gnu/h-x86_64-mingw32/bin/../lib/gcc/nios2-elf/5.3.0/../../../../../H-x86_64-mingw32/nios2-elf/lib/mno-hw-mul\libsmallc.a(lib_a-memmove.o)
 .debug_frame   0x00000000000002f4       0x20 c:/intelfpga/18.1/nios2eds/bin/gnu/h-x86_64-mingw32/bin/../lib/gcc/nios2-elf/5.3.0/../../../../../H-x86_64-mingw32/nios2-elf/lib/mno-hw-mul\libsmallc.a(lib_a-strncmp.o)
 .debug_frame   0x0000000000000314       0xa4 ../tcp_webserver_bsp/\libhal_bsp.a(alt_iic.o)
 .debug_frame   0x00000000000003b8       0x38 ../tcp_webserver_bsp/\libhal_bsp.a(alt_iic_isr_register.o)
 .debug_frame   0x00000000000003f0       0x38 ../tcp_webserver_bsp/\libhal_bsp.a(alt_irq_handler.o)
 .debug_frame   0x0000000000000428       0x5c ../tcp_webserver_bsp/\libhal_bsp.a(alt_load.o)
 .debug_frame   0x0000000000000484       0x2c ../tcp_webserver_bsp/\libhal_bsp.a(alt_main.o)
 .debug_frame   0x00000000000004b0       0x88 ../tcp_webserver_bsp/\libhal_bsp.a(alt_sys_init.o)
 .debug_frame   0x0000000000000538       0x60 ../tcp_webserver_bsp/\libhal_bsp.a(altera_avalon_jtag_uart_fd.o)
 .debug_frame   0x0000000000000598       0x34 ../tcp_webserver_bsp/\libhal_bsp.a(altera_avalon_jtag_uart_read.o)
 .debug_frame   0x00000000000005cc       0x34 ../tcp_webserver_bsp/\libhal_bsp.a(altera_avalon_jtag_uart_write.o)
 .debug_frame   0x0000000000000600      0x198 ../tcp_webserver_bsp/\libhal_bsp.a(altera_avalon_lcd_16207.o)
 .debug_frame   0x0000000000000798      0x310 ../tcp_webserver_bsp/\libhal_bsp.a(altera_avalon_sgdma.o)
 .debug_frame   0x0000000000000aa8       0x60 ../tcp_webserver_bsp/\libhal_bsp.a(altera_avalon_timer_sc.o)
 .debug_frame   0x0000000000000b08       0x34 ../tcp_webserver_bsp/\libhal_bsp.a(alt_alarm_start.o)
 .debug_frame   0x0000000000000b3c       0x60 ../tcp_webserver_bsp/\libhal_bsp.a(alt_close.o)
 .debug_frame   0x0000000000000b9c       0x34 ../tcp_webserver_bsp/\libhal_bsp.a(alt_dcache_flush.o)
 .debug_frame   0x0000000000000bd0       0x34 ../tcp_webserver_bsp/\libhal_bsp.a(alt_dcache_flush_all.o)
 .debug_frame   0x0000000000000c04       0x34 ../tcp_webserver_bsp/\libhal_bsp.a(alt_dev.o)
 .debug_frame   0x0000000000000c38       0x60 ../tcp_webserver_bsp/\libhal_bsp.a(alt_dev_llist_insert.o)
 .debug_frame   0x0000000000000c98       0x38 ../tcp_webserver_bsp/\libhal_bsp.a(alt_do_ctors.o)
 .debug_frame   0x0000000000000cd0       0x38 ../tcp_webserver_bsp/\libhal_bsp.a(alt_do_dtors.o)
 .debug_frame   0x0000000000000d08       0x38 ../tcp_webserver_bsp/\libhal_bsp.a(alt_find_dev.o)
 .debug_frame   0x0000000000000d40       0x34 ../tcp_webserver_bsp/\libhal_bsp.a(alt_icache_flush_all.o)
 .debug_frame   0x0000000000000d74       0x5c ../tcp_webserver_bsp/\libhal_bsp.a(alt_instruction_exception_entry.o)
 .debug_frame   0x0000000000000dd0       0x64 ../tcp_webserver_bsp/\libhal_bsp.a(alt_io_redirect.o)
 .debug_frame   0x0000000000000e34       0x8c ../tcp_webserver_bsp/\libhal_bsp.a(alt_open.o)
 .debug_frame   0x0000000000000ec0       0x3c ../tcp_webserver_bsp/\libhal_bsp.a(alt_release_fd.o)
 .debug_frame   0x0000000000000efc       0x5c ../tcp_webserver_bsp/\libhal_bsp.a(alt_tick.o)
 .debug_frame   0x0000000000000f58       0x38 ../tcp_webserver_bsp/\libhal_bsp.a(alt_usleep.o)
 .debug_frame   0x0000000000000f90       0x34 ../tcp_webserver_bsp/\libhal_bsp.a(altera_nios2_gen2_irq.o)
 .debug_frame   0x0000000000000fc4       0x38 ../tcp_webserver_bsp/\libhal_bsp.a(alt_busy_sleep.o)
 .debug_frame   0x0000000000000ffc       0x38 ../tcp_webserver_bsp/\libhal_bsp.a(alt_find_file.o)
 .debug_frame   0x0000000000001034       0x3c ../tcp_webserver_bsp/\libhal_bsp.a(alt_get_fd.o)
 .debug_frame   0x0000000000001070       0x20 c:/intelfpga/18.1/nios2eds/bin/gnu/h-x86_64-mingw32/bin/../lib/gcc/nios2-elf/5.3.0/../../../../../H-x86_64-mingw32/nios2-elf/lib/mno-hw-mul\libsmallc.a(lib_a-atexit.o)
 .debug_frame   0x0000000000001090       0x28 c:/intelfpga/18.1/nios2eds/bin/gnu/h-x86_64-mingw32/bin/../lib/gcc/nios2-elf/5.3.0/../../../../../H-x86_64-mingw32/nios2-elf/lib/mno-hw-mul\libsmallc.a(lib_a-exit.o)
 .debug_frame   0x00000000000010b8       0x20 c:/intelfpga/18.1/nios2eds/bin/gnu/h-x86_64-mingw32/bin/../lib/gcc/nios2-elf/5.3.0/../../../../../H-x86_64-mingw32/nios2-elf/lib/mno-hw-mul\libsmallc.a(lib_a-memcmp.o)
 .debug_frame   0x00000000000010d8       0x20 c:/intelfpga/18.1/nios2eds/bin/gnu/h-x86_64-mingw32/bin/../lib/gcc/nios2-elf/5.3.0/../../../../../H-x86_64-mingw32/nios2-elf/lib/mno-hw-mul\libsmallc.a(lib_a-memcpy.o)
 .debug_frame   0x00000000000010f8       0x20 c:/intelfpga/18.1/nios2eds/bin/gnu/h-x86_64-mingw32/bin/../lib/gcc/nios2-elf/5.3.0/../../../../../H-x86_64-mingw32/nios2-elf/lib/mno-hw-mul\libsmallc.a(lib_a-memset.o)
 .debug_frame   0x0000000000001118       0x20 c:/intelfpga/18.1/nios2eds/bin/gnu/h-x86_64-mingw32/bin/../lib/gcc/nios2-elf/5.3.0/../../../../../H-x86_64-mingw32/nios2-elf/lib/mno-hw-mul\libsmallc.a(lib_a-strlen.o)
 .debug_frame   0x0000000000001138       0x48 c:/intelfpga/18.1/nios2eds/bin/gnu/h-x86_64-mingw32/bin/../lib/gcc/nios2-elf/5.3.0/../../../../../H-x86_64-mingw32/nios2-elf/lib/mno-hw-mul\libsmallc.a(lib_a-__atexit.o)
 .debug_frame   0x0000000000001180       0x54 c:/intelfpga/18.1/nios2eds/bin/gnu/h-x86_64-mingw32/bin/../lib/gcc/nios2-elf/5.3.0/../../../../../H-x86_64-mingw32/nios2-elf/lib/mno-hw-mul\libsmallc.a(lib_a-__call_atexit.o)
 .debug_frame   0x00000000000011d4       0x50 c:/intelfpga/18.1/nios2eds/bin/gnu/h-x86_64-mingw32/bin/../lib/gcc/nios2-elf/5.3.0/mno-hw-mul\libgcc.a(lib2-divmod.o)
 .debug_frame   0x0000000000001224       0x20 c:/intelfpga/18.1/nios2eds/bin/gnu/h-x86_64-mingw32/bin/../lib/gcc/nios2-elf/5.3.0/mno-hw-mul\libgcc.a(lib2-mul.o)
 .debug_frame   0x0000000000001244       0x2c ../tcp_webserver_bsp/\libhal_bsp.a(alt_exit.o)

.debug_str      0x0000000000000000     0x2857
 *(.debug_str)
 .debug_str     0x0000000000000000      0x6ad obj/default/tcp_socket.o
                                        0x767 (size before relaxing)
 .debug_str     0x00000000000006ad      0x13c obj/default/tcp_webserver.o
                                        0x42e (size before relaxing)
 .debug_str     0x00000000000007e9      0x15c c:/intelfpga/18.1/nios2eds/bin/gnu/h-x86_64-mingw32/bin/../lib/gcc/nios2-elf/5.3.0/../../../../../H-x86_64-mingw32/nios2-elf/lib/mno-hw-mul\libsmallc.a(lib_a-memmove.o)
                                        0x1fa (size before relaxing)
 .debug_str     0x0000000000000945       0x46 c:/intelfpga/18.1/nios2eds/bin/gnu/h-x86_64-mingw32/bin/../lib/gcc/nios2-elf/5.3.0/../../../../../H-x86_64-mingw32/nios2-elf/lib/mno-hw-mul\libsmallc.a(lib_a-strncmp.o)
                                        0x1e1 (size before relaxing)
 .debug_str     0x000000000000098b      0x12f ../tcp_webserver_bsp/\libhal_bsp.a(alt_iic.o)
                                        0x23f (size before relaxing)
 .debug_str     0x0000000000000aba       0x4c ../tcp_webserver_bsp/\libhal_bsp.a(alt_iic_isr_register.o)
                                        0x1e9 (size before relaxing)
 .debug_str     0x0000000000000b06       0x3a ../tcp_webserver_bsp/\libhal_bsp.a(alt_irq_handler.o)
                                        0x198 (size before relaxing)
 .debug_str     0x0000000000000b40       0x17 ../tcp_webserver_bsp/\libhal_bsp.a(alt_irq_vars.o)
                                        0x13b (size before relaxing)
 .debug_str     0x0000000000000b57       0xe9 ../tcp_webserver_bsp/\libhal_bsp.a(alt_load.o)
                                        0x213 (size before relaxing)
 .debug_str     0x0000000000000c40       0x44 ../tcp_webserver_bsp/\libhal_bsp.a(alt_main.o)
                                        0x19e (size before relaxing)
 .debug_str     0x0000000000000c84      0x175 ../tcp_webserver_bsp/\libhal_bsp.a(alt_sys_init.o)
                                        0x464 (size before relaxing)
 .debug_str     0x0000000000000df9       0x77 ../tcp_webserver_bsp/\libhal_bsp.a(altera_avalon_jtag_uart_fd.o)
                                        0x2d6 (size before relaxing)
 .debug_str     0x0000000000000e70       0x48 ../tcp_webserver_bsp/\libhal_bsp.a(altera_avalon_jtag_uart_read.o)
                                        0x220 (size before relaxing)
 .debug_str     0x0000000000000eb8       0x4a ../tcp_webserver_bsp/\libhal_bsp.a(altera_avalon_jtag_uart_write.o)
                                        0x216 (size before relaxing)
 .debug_str     0x0000000000000f02      0x1f7 ../tcp_webserver_bsp/\libhal_bsp.a(altera_avalon_lcd_16207.o)
                                        0x490 (size before relaxing)
 .debug_str     0x00000000000010f9      0x373 ../tcp_webserver_bsp/\libhal_bsp.a(altera_avalon_sgdma.o)
                                        0x691 (size before relaxing)
 .debug_str     0x000000000000146c       0x78 ../tcp_webserver_bsp/\libhal_bsp.a(altera_avalon_timer_sc.o)
                                        0x24c (size before relaxing)
 .debug_str     0x00000000000014e4       0x59 ../tcp_webserver_bsp/\libhal_bsp.a(alt_alarm_start.o)
                                        0x27f (size before relaxing)
 .debug_str     0x000000000000153d       0x2c ../tcp_webserver_bsp/\libhal_bsp.a(alt_close.o)
                                        0x20c (size before relaxing)
 .debug_str     0x0000000000001569       0x2c ../tcp_webserver_bsp/\libhal_bsp.a(alt_dcache_flush.o)
                                        0x15c (size before relaxing)
 .debug_str     0x0000000000001595       0x34 ../tcp_webserver_bsp/\libhal_bsp.a(alt_dcache_flush_all.o)
                                        0x156 (size before relaxing)
 .debug_str     0x00000000000015c9      0x120 ../tcp_webserver_bsp/\libhal_bsp.a(alt_dev.o)
                                        0x306 (size before relaxing)